Component: ARM Compiler 5.06 update 4 (build 422) Tool: armlink [4d35d2]

==============================================================================

Section Cross References

    main.o(i._Z11GetDistancev) refers to mbed_assert.o(i.mbed_assert_internal) for mbed_assert_internal
    main.o(i._Z11GetDistancev) refers to mbed_wait_api_no_rtos.o(i.wait_us) for wait_us
    main.o(i._Z11GetDistancev) refers to Timer.o(i._ZN4mbed5Timer5resetEv) for mbed::Timer::reset()
    main.o(i._Z11GetDistancev) refers to Timer.o(i._ZN4mbed5Timer7read_usEv) for mbed::Timer::read_us()
    main.o(i._Z11GetDistancev) refers to main.o(.bss) for .bss
    main.o(i._Z11GetDistancev) refers to main.o(.conststring) for .conststring
    main.o(i._Z20ultra_sonic_distancev) refers to main.o(i._Z11GetDistancev) for GetDistance()
    main.o(i._Z20ultra_sonic_distancev) refers to Stream.o(i._ZN4mbed6Stream6printfEPKcz) for mbed::Stream::printf(const char*, ...)
    main.o(i._Z20ultra_sonic_distancev) refers to main.o(.data) for .data
    main.o(i._Z20ultra_sonic_distancev) refers to main.o(.bss) for .bss
    main.o(i._Z5motorff) refers to motor.o(i._ZN5Motor3RevEf) for Motor::Rev(float)
    main.o(i._Z5motorff) refers to motor.o(i._ZN5Motor3FwdEf) for Motor::Fwd(float)
    main.o(i._Z5motorff) refers to main.o(.bss) for .bss
    main.o(i.__sti___8_main_cpp_ldr) refers to mbed_assert.o(i.mbed_assert_internal) for mbed_assert_internal
    main.o(i.__sti___8_main_cpp_ldr) refers to analogin_api.o(i.analogin_init) for analogin_init
    main.o(i.__sti___8_main_cpp_ldr) refers to retarget.o(i.__aeabi_atexit) for __aeabi_atexit
    main.o(i.__sti___8_main_cpp_ldr) refers to mbed_gpio.o(i.gpio_init_in) for gpio_init_in
    main.o(i.__sti___8_main_cpp_ldr) refers to mbed_gpio.o(i.gpio_init_out) for gpio_init_out
    main.o(i.__sti___8_main_cpp_ldr) refers to motor.o(i._ZN5MotorC1E7PinNameS0_) for Motor::Motor(PinName, PinName)
    main.o(i.__sti___8_main_cpp_ldr) refers to Serial.o(i._ZN4mbed6SerialC1E7PinNameS1_PKci) for mbed::Serial::Serial(PinName, PinName, const char*, int)
    main.o(i.__sti___8_main_cpp_ldr) refers to Timer.o(i._ZN4mbed5TimerC1Ev) for mbed::Timer::Timer()
    main.o(i.__sti___8_main_cpp_ldr) refers to main.o(.bss) for .bss
    main.o(i.__sti___8_main_cpp_ldr) refers to main.o(.constdata__ZTVN4mbed8AnalogInE) for vtable for mbed::AnalogIn
    main.o(i.__sti___8_main_cpp_ldr) refers to AnalogIn.o(.data) for mbed::AnalogIn::_mutex
    main.o(i.__sti___8_main_cpp_ldr) refers to main.o(.constdata__ZZN12SingletonPtrI13PlatformMutexE3getEvEs_0) for SingletonPtr<PlatformMutex>::get()::string (instance 2)
    main.o(i.__sti___8_main_cpp_ldr) refers to main.o(.constdata__ZZN12SingletonPtrI13PlatformMutexE3getEvEs) for SingletonPtr<PlatformMutex>::get()::string
    main.o(i.__sti___8_main_cpp_ldr) refers to main.o(i._ZN4mbed8AnalogInD1Ev) for mbed::AnalogIn::~AnalogIn()
    main.o(i.__sti___8_main_cpp_ldr) refers to main.o(i._ZN4mbed6SerialD1Ev) for mbed::Serial::~Serial()
    main.o(i.main) refers to SerialBase.o(i._ZN4mbed10SerialBase4baudEi) for mbed::SerialBase::baud(int)
    main.o(i.main) refers to mbed_assert.o(i.mbed_assert_internal) for mbed_assert_internal
    main.o(i.main) refers to Stream.o(i._ZN4mbed6Stream6printfEPKcz) for mbed::Stream::printf(const char*, ...)
    main.o(i.main) refers to Timer.o(i._ZN4mbed5Timer5startEv) for mbed::Timer::start()
    main.o(i.main) refers to mbed_wait_api_no_rtos.o(i.wait) for wait
    main.o(i.main) refers to main.o(i._Z11GetDistancev) for GetDistance()
    main.o(i.main) refers to main.o(i._Z5motorff) for motor(float, float)
    main.o(i.main) refers to analogin_api.o(i.analogin_read) for analogin_read
    main.o(i.main) refers to f2d.o(x$fpl$f2d) for __aeabi_f2d
    main.o(i.main) refers to ddiv.o(x$fpl$ddiv) for __aeabi_ddiv
    main.o(i.main) refers to d2f.o(x$fpl$d2f) for __aeabi_d2f
    main.o(i.main) refers to main.o(.bss) for .bss
    main.o(i.main) refers to main.o(.conststring) for .conststring
    main.o(i.main) refers to main.o(.data) for .data
    main.o(.ARM.exidx) refers to main.o(i._Z5motorff) for i._Z5motorff
    main.o(.ARM.exidx) refers to main.o(i._Z11GetDistancev) for i._Z11GetDistancev
    main.o(.ARM.exidx) refers to main.o(i.main) for i.main
    main.o(.ARM.exidx) refers to main.o(i._Z20ultra_sonic_distancev) for i._Z20ultra_sonic_distancev
    main.o(.ARM.exidx) refers to main.o(i.__sti___8_main_cpp_ldr) for i.__sti___8_main_cpp_ldr
    main.o(.init_array) refers to main.o(i.__sti___8_main_cpp_ldr) for __sti___8_main_cpp_ldr
    main.o(.init_array) refers to init_aeabi.o(.text) for __cpp_initialize__aeabi_
    motor.o(i._ZN5Motor12Period_in_msEi) refers to mbed_critical.o(i.core_util_critical_section_enter) for core_util_critical_section_enter
    motor.o(i._ZN5Motor12Period_in_msEi) refers to pwmout_api.o(i.pwmout_period_ms) for pwmout_period_ms
[...]
    __Heap_Full                              0x08000bc9   Thumb Code    34  init_alloc.o(.text)
    __Heap_Broken                            0x08000beb   Thumb Code     6  init_alloc.o(.text)
    _init_alloc                              0x08000bf1   Thumb Code    94  init_alloc.o(.text)
    __Heap_Initialize                        0x08000c4f   Thumb Code    10  h1_init.o(.text)
    __Heap_DescSize                          0x08000c59   Thumb Code     4  h1_init.o(.text)
    _printf_pre_padding                      0x08000c5d   Thumb Code    44  _printf_pad.o(.text)
    _printf_post_padding                     0x08000c89   Thumb Code    34  _printf_pad.o(.text)
    _printf_truncate_signed                  0x08000cab   Thumb Code    18  _printf_truncate.o(.text)
    _printf_truncate_unsigned                0x08000cbd   Thumb Code    18  _printf_truncate.o(.text)
    _printf_str                              0x08000ccf   Thumb Code    82  _printf_str.o(.text)
    _printf_int_common                       0x08000d21   Thumb Code   178  _printf_intcommon.o(.text)
    _printf_int_dec                          0x08000dd5   Thumb Code   104  _printf_dec.o(.text)
    _printf_charcount                        0x08000e4d   Thumb Code    40  _printf_charcount.o(.text)
    _printf_char_common                      0x08000e7f   Thumb Code    32  _printf_char_common.o(.text)
    _sputc                                   0x08000ea5   Thumb Code    10  _sputc.o(.text)
    _printf_char_file                        0x08000eb1   Thumb Code    32  _printf_char_file.o(.text)
    _printf_wctomb                           0x08000ed5   Thumb Code   182  _printf_wctomb.o(.text)
    _printf_longlong_dec                     0x08000f91   Thumb Code   108  _printf_longlong_dec.o(.text)
    _printf_longlong_oct                     0x0800100d   Thumb Code    66  _printf_oct_int_ll.o(.text)
    _printf_int_oct                          0x0800104f   Thumb Code    24  _printf_oct_int_ll.o(.text)
    _printf_ll_oct                           0x08001067   Thumb Code    12  _printf_oct_int_ll.o(.text)
    _chval                                   0x0800107d   Thumb Code    28  _chval.o(.text)
    __vfscanf_char                           0x080010a5   Thumb Code    24  scanf_char.o(.text)
    _sgetc                                   0x080010c5   Thumb Code    30  _sgetc.o(.text)
    _sbackspace                              0x080010e3   Thumb Code    34  _sgetc.o(.text)
    ferror                                   0x08001105   Thumb Code     8  ferror.o(.text)
    __flsbuf                                 0x0800110d   Thumb Code   470  flsbuf.o(.text)
    __flsbuf_byte                            0x0800110d   Thumb Code     0  flsbuf.o(.text)
    __flsbuf_wide                            0x0800110d   Thumb Code     0  flsbuf.o(.text)
    _fseek                                   0x080012e5   Thumb Code   242  fseek.o(.text)
    fseek                                    0x080012e5   Thumb Code     0  fseek.o(.text)
    setvbuf                                  0x080013dd   Thumb Code    70  setvbuf.o(.text)
    _seterr                                  0x08001425   Thumb Code    20  stdio.o(.text)
    _writebuf                                0x08001439   Thumb Code    84  stdio.o(.text)
    _fflush                                  0x0800148d   Thumb Code    70  stdio.o(.text)
    _deferredlazyseek                        0x080014d3   Thumb Code    60  stdio.o(.text)
    _initio                                  0x08001515   Thumb Code   210  initio.o(.text)
    _terminateio                             0x080015e7   Thumb Code    56  initio.o(.text)
    __rt_SIGPVFN                             0x0800164d   Thumb Code    14  defsig_pvfn_outer.o(.text)
    __Heap_ProvideMemory                     0x0800165b   Thumb Code    52  h1_extend.o(.text)
    _ll_udiv10                               0x0800168f   Thumb Code   138  lludiv10.o(.text)
    isspace                                  0x08001719   Thumb Code    18  isspace.o(.text)
    __lib_sel_fp_printf                      0x0800172b   Thumb Code     2  _printf_fp_dec.o(.text)
    _printf_fp_dec_real                      0x080018d9   Thumb Code   620  _printf_fp_dec.o(.text)
    _printf_fp_hex_real                      0x08001b45   Thumb Code   756  _printf_fp_hex.o(.text)
    _printf_cs_common                        0x08001e41   Thumb Code    20  _printf_char.o(.text)
    _printf_char                             0x08001e55   Thumb Code    16  _printf_char.o(.text)
    _printf_string                           0x08001e65   Thumb Code     8  _printf_char.o(.text)
    _printf_lcs_common                       0x08001e6d   Thumb Code    20  _printf_wchar.o(.text)
    _printf_wchar                            0x08001e81   Thumb Code    16  _printf_wchar.o(.text)
    _printf_wstring                          0x08001e91   Thumb Code     8  _printf_wchar.o(.text)
    __vfscanf                                0x08001e99   Thumb Code   878  _scanf.o(.text)
    _ftell_internal                          0x0800220d   Thumb Code    66  ftell.o(.text)
    ftell                                    0x0800220d   Thumb Code     0  ftell.o(.text)
    _wcrtomb                                 0x0800224f   Thumb Code    64  _wcrtomb.o(.text)
    __sig_exit                               0x0800228f   Thumb Code    10  defsig_exit.o(.text)
    __rt_SIGRTRED                            0x08002299   Thumb Code    14  defsig_rtred_outer.o(.text)
    __rt_SIGRTMEM                            0x080022a7   Thumb Code    14  defsig_rtmem_outer.o(.text)
    __rt_SIGPVFN_inner                       0x080022b5   Thumb Code    14  defsig_pvfn_inner.o(.text)
    __rt_heap_escrow                         0x080022e5   Thumb Code    22  heapauxa.o(.text)
    __rt_heap_expand                         0x080022fb   Thumb Code    52  heapauxa.o(.text)
    _sys_exit                                0x08002335   Thumb Code     8  sys_exit.o(.text)
    __rt_ctype_table                         0x08002341   Thumb Code    16  rt_ctype_table.o(.text)
    __rt_locale                              0x08002351   Thumb Code     8  rt_locale.o(.text)
    __aeabi_errno_addr                       0x08002359   Thumb Code     8  rt_errno_addr.o(.text)
    __errno                                  0x08002359   Thumb Code     0  rt_errno_addr.o(.text)
    __rt_errno_addr                          0x08002359   Thumb Code     0  rt_errno_addr.o(.text)
    _printf_fp_infnan                        0x08002361   Thumb Code   112  _printf_fp_infnan.o(.text)
    _btod_etento                             0x080023e1   Thumb Code   216  bigflt0.o(.text)
    __default_signal_display                 0x080024bd   Thumb Code    50  defsig_general.o(.text)
    __rt_SIGRTRED_inner                      0x080024f1   Thumb Code    14  defsig_rtred_inner.o(.text)
    __rt_SIGRTMEM_inner                      0x08002525   Thumb Code    22  defsig_rtmem_inner.o(.text)
    _ttywrch                                 0x08002575   Thumb Code    14  sys_wrch.o(.text)
    __I$use$semihosting                      0x08002583   Thumb Code     0  use_no_semi.o(.text)
    __use_no_semihosting_swi                 0x08002583   Thumb Code     2  use_no_semi.o(.text)
    __semihosting_library_function           0x08002585   Thumb Code     0  indicate_semi.o(.text)
    _btod_d2e                                0x08002585   Thumb Code    62  btod.o(CL$$btod_d2e)
    _d2e_denorm_low                          0x080025c3   Thumb Code    70  btod.o(CL$$btod_d2e_denorm_low)
    _d2e_norm_op1                            0x08002609   Thumb Code    96  btod.o(CL$$btod_d2e_norm_op1)
    __btod_div_common                        0x08002669   Thumb Code   696  btod.o(CL$$btod_div_common)
    _e2e                                     0x080029a1   Thumb Code   198  btod.o(CL$$btod_e2e)
    _btod_ediv                               0x08002a67   Thumb Code    40  btod.o(CL$$btod_ediv)
    _btod_emul                               0x08002a8f   Thumb Code    40  btod.o(CL$$btod_emul)
    __btod_mult_common                       0x08002ab7   Thumb Code   580  btod.o(CL$$btod_mult_common)
    main                                     0x08002cfb   Thumb Code    14  retarget.o(i.$Sub$$main)
    HAL_ADC_ConfigChannel                    0x08002d11   Thumb Code   422  stm32f4xx_hal_adc.o(i.HAL_ADC_ConfigChannel)
    HAL_ADC_GetValue                         0x08002ec5   Thumb Code     6  stm32f4xx_hal_adc.o(i.HAL_ADC_GetValue)
    HAL_ADC_Init                             0x08002ecd   Thumb Code   374  stm32f4xx_hal_adc.o(i.HAL_ADC_Init)
    HAL_ADC_MspInit                          0x0800304d   Thumb Code     2  stm32f4xx_hal_adc.o(i.HAL_ADC_MspInit)
    HAL_ADC_PollForConversion                0x0800304f   Thumb Code   188  stm32f4xx_hal_adc.o(i.HAL_ADC_PollForConversion)
    HAL_ADC_Start                            0x0800310d   Thumb Code   256  stm32f4xx_hal_adc.o(i.HAL_ADC_Start)
    HAL_DMA_Abort_IT                         0x08003219   Thumb Code    36  stm32f4xx_hal_dma.o(i.HAL_DMA_Abort_IT)
    HAL_GPIO_Init                            0x0800323d   Thumb Code   494  stm32f4xx_hal_gpio.o(i.HAL_GPIO_Init)
    HAL_GetTick                              0x08003441   Thumb Code     6  stm32f4xx_hal.o(i.HAL_GetTick)
    HAL_IncTick                              0x0800344d   Thumb Code    10  stm32f4xx_hal.o(i.HAL_IncTick)
    HAL_Init                                 0x0800345d   Thumb Code    48  stm32f4xx_hal.o(i.HAL_Init)
    HAL_InitTick                             0x08003491   Thumb Code   142  hal_tick.o(i.HAL_InitTick)
    HAL_MspInit                              0x08003545   Thumb Code     2  stm32f4xx_hal_msp_template.o(i.HAL_MspInit)
    HAL_NVIC_SetPriorityGrouping             0x08003549   Thumb Code    30  stm32f4xx_hal_cortex.o(i.HAL_NVIC_SetPriorityGrouping)
    HAL_RCC_ClockConfig                      0x0800356d   Thumb Code   388  stm32f4xx_hal_rcc.o(i.HAL_RCC_ClockConfig)
    HAL_RCC_GetClockConfig                   0x08003705   Thumb Code    54  stm32f4xx_hal_rcc.o(i.HAL_RCC_GetClockConfig)
    HAL_RCC_GetPCLK1Freq                     0x08003745   Thumb Code    34  stm32f4xx_hal_rcc.o(i.HAL_RCC_GetPCLK1Freq)
    HAL_RCC_GetPCLK2Freq                     0x08003775   Thumb Code    34  stm32f4xx_hal_rcc.o(i.HAL_RCC_GetPCLK2Freq)
    HAL_RCC_GetSysClockFreq                  0x080037a5   Thumb Code   132  stm32f4xx_hal_rcc.o(i.HAL_RCC_GetSysClockFreq)
    HAL_RCC_OscConfig                        0x08003839   Thumb Code   836  stm32f4xx_hal_rcc.o(i.HAL_RCC_OscConfig)
    HAL_TIMEx_PWMN_Start                     0x08003ba5   Thumb Code    44  stm32f4xx_hal_tim_ex.o(i.HAL_TIMEx_PWMN_Start)
    HAL_TIM_OC_Init                          0x08003bd1   Thumb Code    54  stm32f4xx_hal_tim.o(i.HAL_TIM_OC_Init)
    HAL_TIM_OC_MspInit                       0x08003c07   Thumb Code     2  stm32f4xx_hal_tim.o(i.HAL_TIM_OC_MspInit)
    HAL_TIM_OC_Start                         0x08003c09   Thumb Code    54  stm32f4xx_hal_tim.o(i.HAL_TIM_OC_Start)
    HAL_TIM_PWM_ConfigChannel                0x08003c41   Thumb Code   526  stm32f4xx_hal_tim.o(i.HAL_TIM_PWM_ConfigChannel)
    HAL_TIM_PWM_Init                         0x08003e55   Thumb Code    54  stm32f4xx_hal_tim.o(i.HAL_TIM_PWM_Init)
    HAL_TIM_PWM_MspInit                      0x08003e8b   Thumb Code     2  stm32f4xx_hal_tim.o(i.HAL_TIM_PWM_MspInit)
    HAL_TIM_PWM_Start                        0x08003e8d   Thumb Code    54  stm32f4xx_hal_tim.o(i.HAL_TIM_PWM_Start)
    HAL_UART_ErrorCallback                   0x08003ec3   Thumb Code    48  serial_api.o(i.HAL_UART_ErrorCallback)
    HAL_UART_IRQHandler                      0x08003ef5   Thumb Code   650  stm32f4xx_hal_uart.o(i.HAL_UART_IRQHandler)
    HAL_UART_Init                            0x08004185   Thumb Code    98  stm32f4xx_hal_uart.o(i.HAL_UART_Init)
    HAL_UART_MspInit                         0x080041e7   Thumb Code     2  stm32f4xx_hal_uart.o(i.HAL_UART_MspInit)
    HAL_UART_RxCpltCallback                  0x080041e9   Thumb Code     2  stm32f4xx_hal_uart.o(i.HAL_UART_RxCpltCallback)
    HAL_UART_TxCpltCallback                  0x080041eb   Thumb Code    18  serial_api.o(i.HAL_UART_TxCpltCallback)
    SetSysClock                              0x080041fd   Thumb Code   150  system_stm32f4xx.o(i.SetSysClock)
    SetSysClock_PLL_HSE                      0x0800429d   Thumb Code   132  system_stm32f4xx.o(i.SetSysClock_PLL_HSE)
    Set_GPIO_Clock                           0x08004329   Thumb Code   142  pinmap.o(i.Set_GPIO_Clock)
    SystemCoreClockUpdate                    0x080043f9   Thumb Code   112  system_stm32f4xx.o(i.SystemCoreClockUpdate)
    SystemInit                               0x0800447d   Thumb Code    98  system_stm32f4xx.o(i.SystemInit)
    TIM_Base_SetConfig                       0x08004505   Thumb Code   132  stm32f4xx_hal_tim.o(i.TIM_Base_SetConfig)
    GetDistance()                            0x080048ed   Thumb Code   198  main.o(i._Z11GetDistancev)
    motor(float, float)                      0x080049e1   Thumb Code   134  main.o(i._Z5motorff)
    mbed::FileHandle::flen()                 0x08004a71   Thumb Code    82  retarget.o(i._ZN4mbed10FileHandle4flenEv)
    mbed::FileHandle::lock()                 0x08004ac3   Thumb Code     2  retarget.o(i._ZN4mbed10FileHandle4lockEv)
    mbed::FileHandle::unlock()               0x08004ac5   Thumb Code     2  retarget.o(i._ZN4mbed10FileHandle6unlockEv)
    mbed::FileHandle::~FileHandle()          0x08004ac9   Thumb Code     0  retarget.o(i._ZN4mbed10FileHandleD2Ev)
    mbed::FileHandle::~FileHandle__sub_object() 0x08004ac9   Thumb Code    96  retarget.o(i._ZN4mbed10FileHandleD2Ev)
    mbed::SerialBase::_base_putc(int)        0x08004b3d   Thumb Code    14  SerialBase.o(i._ZN4mbed10SerialBase10_base_putcEi)
    mbed::SerialBase::_irq_handler(unsigned, SerialIrq) 0x08004b4d   Thumb Code    40  SerialBase.o(i._ZN4mbed10SerialBase12_irq_handlerEj9SerialIrq)
    mbed::SerialBase::interrupt_handler_asynch() 0x08004b7d   Thumb Code    62  SerialBase.o(i._ZN4mbed10SerialBase24interrupt_handler_asynchEv)
    mbed::SerialBase::baud(int)              0x08004bbb   Thumb Code    40  SerialBase.o(i._ZN4mbed10SerialBase4baudEi)
    mbed::SerialBase::lock()                 0x08004be3   Thumb Code     2  SerialBase.o(i._ZN4mbed10SerialBase4lockEv)
    mbed::SerialBase::unlock()               0x08004be5   Thumb Code     2  SerialBase.o(i._ZN4mbed10SerialBase6unlockEv)
    mbed::SerialBase::SerialBase(PinName, PinName, int) 0x08004be9   Thumb Code   192  SerialBase.o(i._ZN4mbed10SerialBaseC1E7PinNameS1_i)
    mbed::SerialBase::SerialBase__sub_object(PinName, PinName, int) 0x08004be9   Thumb Code     0  SerialBase.o(i._ZN4mbed10SerialBaseC1E7PinNameS1_i)
    mbed::mbed_set_unbuffered_stream(std::__FILE*) 0x08004cc9   Thumb Code     6  retarget.o(i._ZN4mbed26mbed_set_unbuffered_streamEPSt6__FILE)
    mbed::Timer::reset()                     0x08004ccf   Thumb Code    28  Timer.o(i._ZN4mbed5Timer5resetEv)
    mbed::Timer::start()                     0x08004ceb   Thumb Code    32  Timer.o(i._ZN4mbed5Timer5startEv)
    mbed::Timer::read_us()                   0x08004d0b   Thumb Code    44  Timer.o(i._ZN4mbed5Timer7read_usEv)
    mbed::Timer::Timer()                     0x08004d37   Thumb Code    40  Timer.o(i._ZN4mbed5TimerC1Ev)
    mbed::Timer::Timer__sub_object()         0x08004d37   Thumb Code     0  Timer.o(i._ZN4mbed5TimerC1Ev)
    mbed::Serial::lock()                     0x08004d5f   Thumb Code     2  Serial.o(i._ZN4mbed6Serial4lockEv)
    mbed::Serial::unlock()                   0x08004d61   Thumb Code     2  Serial.o(i._ZN4mbed6Serial6unlockEv)
    mbed::Serial::Serial(PinName, PinName, const char*, int) 0x08004d65   Thumb Code    38  Serial.o(i._ZN4mbed6SerialC1E7PinNameS1_PKci)
    mbed::Serial::Serial__sub_object(PinName, PinName, const char*, int) 0x08004d65   Thumb Code     0  Serial.o(i._ZN4mbed6SerialC1E7PinNameS1_PKci)
    mbed::Serial::~Serial()                  0x08004d91   Thumb Code    76  main.o(i._ZN4mbed6SerialD1Ev)
    mbed::Serial::~Serial__sub_object()      0x08004d91   Thumb Code     0  main.o(i._ZN4mbed6SerialD1Ev)
    mbed::Stream::flen()                     0x08004de9   Thumb Code     4  Stream.o(i._ZN4mbed6Stream4flenEv)
    mbed::Stream::close()                    0x08004ded   Thumb Code     4  Stream.o(i._ZN4mbed6Stream5closeEv)
    mbed::Stream::lseek(long, int)           0x08004df1   Thumb Code     4  Stream.o(i._ZN4mbed6Stream5lseekEli)
    mbed::Stream::write(const void*, unsigned) 0x08004df5   Thumb Code    60  Stream.o(i._ZN4mbed6Stream5writeEPKvj)
    mbed::Stream::isatty()                   0x08004e31   Thumb Code     4  Stream.o(i._ZN4mbed6Stream6isattyEv)
    mbed::Stream::printf(const char*, ...)   0x08004e35   Thumb Code    50  Stream.o(i._ZN4mbed6Stream6printfEPKcz)
    mbed::Stream::Stream__sub_object(const char*) 0x08004e69   Thumb Code    52  Stream.o(i._ZN4mbed6StreamC2EPKc)
    mbed::Stream::~Stream()                  0x08004ea9   Thumb Code     0  Stream.o(i._ZN4mbed6StreamD2Ev)
    mbed::Stream::~Stream__sub_object()      0x08004ea9   Thumb Code    28  Stream.o(i._ZN4mbed6StreamD2Ev)
    mbed::AnalogIn::lock()                   0x08004ec9   Thumb Code    30  main.o(i._ZN4mbed8AnalogIn4lockEv)
    mbed::AnalogIn::unlock()                 0x08004ef5   Thumb Code    30  main.o(i._ZN4mbed8AnalogIn6unlockEv)
    mbed::AnalogIn::~AnalogIn()              0x08004f21   Thumb Code     2  main.o(i._ZN4mbed8AnalogInD1Ev)
    mbed::AnalogIn::~AnalogIn__sub_object()  0x08004f21   Thumb Code     0  main.o(i._ZN4mbed8AnalogInD1Ev)
    mbed::FileBase::getPathType()            0x08004f23   Thumb Code     4  FileBase.o(i._ZN4mbed8FileBase11getPathTypeEv)
    mbed::FileBase::lookup(const char*, unsigned) 0x08004f29   Thumb Code    90  FileBase.o(i._ZN4mbed8FileBase6lookupEPKcj)
    mbed::FileBase::FileBase(const char*, mbed::PathType) 0x08004f95   Thumb Code    50  FileBase.o(i._ZN4mbed8FileBaseC1EPKcNS_8PathTypeE)
    mbed::FileBase::FileBase__sub_object(const char*, mbed::PathType) 0x08004f95   Thumb Code     0  FileBase.o(i._ZN4mbed8FileBaseC1EPKcNS_8PathTypeE)
    mbed::FileBase::~FileBase()              0x08004fd5   Thumb Code    60  FileBase.o(i._ZN4mbed8FileBaseD1Ev)
    mbed::FileBase::~FileBase__sub_object()  0x08004fd5   Thumb Code     0  FileBase.o(i._ZN4mbed8FileBaseD1Ev)
    mbed::FileLike::FileLike__sub_object(const char*) 0x0800501d   Thumb Code    26  FileLike.o(i._ZN4mbed8FileLikeC2EPKc)
    mbed::FileLike::~FileLike()              0x08005041   Thumb Code     0  FileLike.o(i._ZN4mbed8FileLikeD2Ev)
    mbed::FileLike::~FileLike__sub_object()  0x08005041   Thumb Code    18  FileLike.o(i._ZN4mbed8FileLikeD2Ev)
    mbed::FilePath::fileSystem()             0x08005053   Thumb Code    24  FilePath.o(i._ZN4mbed8FilePath10fileSystemEv)
    mbed::FilePath::file()                   0x0800506b   Thumb Code    28  FilePath.o(i._ZN4mbed8FilePath4fileEv)
    mbed::FilePath::exists()                 0x08005087   Thumb Code    10  FilePath.o(i._ZN4mbed8FilePath6existsEv)
    mbed::FilePath::isFile()                 0x08005091   Thumb Code    24  FilePath.o(i._ZN4mbed8FilePath6isFileEv)
    mbed::FilePath::fileName()               0x080050a9   Thumb Code     4  FilePath.o(i._ZN4mbed8FilePath8fileNameEv)
    mbed::FilePath::FilePath(const char*)    0x080050ad   Thumb Code    64  FilePath.o(i._ZN4mbed8FilePathC1EPKc)
    mbed::FilePath::FilePath__sub_object(const char*) 0x080050ad   Thumb Code     0  FilePath.o(i._ZN4mbed8FilePathC1EPKc)
    Motor::Fwd(float)                        0x080050f1   Thumb Code    62  motor.o(i._ZN5Motor3FwdEf)
    Motor::Rev(float)                        0x08005135   Thumb Code    62  motor.o(i._ZN5Motor3RevEf)
    Motor::Motor(PinName, PinName)           0x08005179   Thumb Code    48  motor.o(i._ZN5MotorC1E7PinNameS0_)
    Motor::Motor__sub_object(PinName, PinName) 0x08005179   Thumb Code     0  motor.o(i._ZN5MotorC1E7PinNameS0_)
    thunk{-188} to mbed::Serial::lock()      0x080051a9   Thumb Code     2  Serial.o(i._ZThn188_N4mbed6Serial4lockEv)
    thunk{-188} to mbed::Serial::_putc(int)  0x080051ab   Thumb Code     6  Serial.o(i._ZThn188_N4mbed6Serial5_putcEi)
    thunk{-188} to mbed::Serial::unlock()    0x080051b1   Thumb Code     2  Serial.o(i._ZThn188_N4mbed6Serial6unlockEv)
    __ARM_fpclassify                         0x080051b3   Thumb Code    48  fpclassify.o(i.__ARM_fpclassify)
    __NVIC_SetVector                         0x080051e5   Thumb Code    48  cmsis_nvic.o(i.__NVIC_SetVector)
    __aeabi_atexit                           0x08005219   Thumb Code     4  retarget.o(i.__aeabi_atexit)
    __aeabi_vec_ctor_nocookie_nodtor         0x0800521d   Thumb Code    36  aeabi_vec_ctor_nocookie_nodtor.o(i.__aeabi_vec_ctor_nocookie_nodtor)
    __cxa_pure_virtual                       0x08005241   Thumb Code     6  pure_virt.o(i.__cxa_pure_virtual)
    __user_setup_stackheap                   0x080053d9   Thumb Code    10  sys.o(i.__user_setup_stackheap)
    _is_digit                                0x080053e9   Thumb Code    14  __printf_wp.o(i._is_digit)
    _platform_post_stackheap_init            0x080053f7   Thumb Code     8  retarget.o(i._platform_post_stackheap_init)
    _sys_close                               0x08005401   Thumb Code    40  retarget.o(i._sys_close)
    _sys_flen                                0x0800542d   Thumb Code    34  retarget.o(i._sys_flen)
    _sys_istty                               0x08005455   Thumb Code    34  retarget.o(i._sys_istty)
    _sys_open                                0x0800547d   Thumb Code   436  retarget.o(i._sys_open)
    _sys_seek                                0x08005659   Thumb Code    36  retarget.o(i._sys_seek)
    _sys_write                               0x08005681   Thumb Code    92  retarget.o(i._sys_write)
    analogin_init                            0x08005799   Thumb Code   186  analogin_api.o(i.analogin_init)
    analogin_read                            0x080058b9   Thumb Code    24  analogin_api.o(i.analogin_read)
    core_util_critical_section_enter         0x080058d5   Thumb Code    70  mbed_critical.o(i.core_util_critical_section_enter)
    core_util_critical_section_exit          0x08005961   Thumb Code    60  mbed_critical.o(i.core_util_critical_section_exit)
    error                                    0x080059b9   Thumb Code    18  mbed_error.o(i.error)
    exit                                     0x080059cd   Thumb Code    24  retarget.o(i.exit)
    fputc                                    0x080059ed   Thumb Code    26  fputc.o(i.fputc)
    get_us_ticker_data                       0x08005a09   Thumb Code     4  mbed_us_ticker_api.o(i.get_us_ticker_data)
    gpio_dir                                 0x08005a11   Thumb Code    54  gpio_api.o(i.gpio_dir)
    gpio_init                                0x08005a65   Thumb Code    58  gpio_api.o(i.gpio_init)
    gpio_init_in                             0x08005a9f   Thumb Code    40  mbed_gpio.o(i.gpio_init_in)
    gpio_init_out                            0x08005ac9   Thumb Code    68  mbed_gpio.o(i.gpio_init_out)
    gpio_init_out_ex                         0x08005b15   Thumb Code    80  mbed_gpio.o(i.gpio_init_out_ex)
    gpio_mode                                0x08005b81   Thumb Code     8  gpio_api.o(i.gpio_mode)
    $Super$$main                             0x08005c09   Thumb Code  1472  main.o(i.main)
    mbed_assert_internal                     0x080061e5   Thumb Code    32  mbed_assert.o(i.mbed_assert_internal)
    mbed_die                                 0x08006239   Thumb Code    84  mbed_board.o(i.mbed_die)
    mbed_error_printf                        0x080062a9   Thumb Code    74  mbed_board.o(i.mbed_error_printf)
    mbed_error_vfprintf                      0x080062fd   Thumb Code    68  mbed_board.o(i.mbed_error_vfprintf)
    mbed_main                                0x08006349   Thumb Code     2  retarget.o(i.mbed_main)
    mbed_sdk_init                            0x0800634b   Thumb Code    14  mbed_overrides.o(i.mbed_sdk_init)
    pin_function                             0x08006359   Thumb Code    80  pinmap.o(i.pin_function)
    pin_mode                                 0x080063c5   Thumb Code    64  pinmap.o(i.pin_mode)
    pinmap_function                          0x0800641d   Thumb Code    62  mbed_pinmap_common.o(i.pinmap_function)
    pinmap_merge                             0x0800647d   Thumb Code    38  mbed_pinmap_common.o(i.pinmap_merge)
    pinmap_peripheral                        0x080064b9   Thumb Code    62  mbed_pinmap_common.o(i.pinmap_peripheral)
    pinmap_pinout                            0x08006519   Thumb Code    72  mbed_pinmap_common.o(i.pinmap_pinout)
    pwmout_init                              0x08006575   Thumb Code   328  pwmout_api.o(i.pwmout_init)
    pwmout_period_us                         0x08006701   Thumb Code   322  pwmout_api.o(i.pwmout_period_us)
    pwmout_write                             0x080068a5   Thumb Code   170  pwmout_api.o(i.pwmout_write)
    serial_baud                              0x08006971   Thumb Code     6  serial_api.o(i.serial_baud)
    serial_init                              0x08006979   Thumb Code   310  serial_api.o(i.serial_init)
    serial_irq_handler                       0x08006af1   Thumb Code    14  serial_api.o(i.serial_irq_handler)
    serial_irq_handler_asynch                0x08006b09   Thumb Code   344  serial_api.o(i.serial_irq_handler_asynch)
    serial_putc                              0x08006c65   Thumb Code    30  serial_api.o(i.serial_putc)
    ticker_irq_handler                       0x08006c89   Thumb Code    78  mbed_ticker_api.o(i.ticker_irq_handler)
    ticker_read                              0x08006cd7   Thumb Code     6  mbed_ticker_api.o(i.ticker_read)
    timer_irq_handler                        0x08006cdd   Thumb Code    90  hal_tick.o(i.timer_irq_handler)
    us_ticker_clear_interrupt                0x08006d41   Thumb Code    12  us_ticker.o(i.us_ticker_clear_interrupt)
    us_ticker_disable_interrupt              0x08006d51   Thumb Code    14  us_ticker.o(i.us_ticker_disable_interrupt)
    us_ticker_init                           0x08006d65   Thumb Code    26  us_ticker.o(i.us_ticker_init)
    us_ticker_irq_handler                    0x08006d8d   Thumb Code     6  mbed_us_ticker_api.o(i.us_ticker_irq_handler)
    us_ticker_read                           0x08006d99   Thumb Code    30  us_ticker.o(i.us_ticker_read)
    us_ticker_set_interrupt                  0x08006dc9   Thumb Code    16  us_ticker.o(i.us_ticker_set_interrupt)
    wait                                     0x08006ddd   Thumb Code    36  mbed_wait_api_no_rtos.o(i.wait)
    wait_ms                                  0x08006e05   Thumb Code    28  mbed_wait_api_no_rtos.o(i.wait_ms)
    wait_us                                  0x08006e21   Thumb Code    24  mbed_wait_api_no_rtos.o(i.wait_us)
    _get_lc_numeric                          0x08006e39   Thumb Code    44  lc_numeric_c.o(locale$$code)
    _get_lc_ctype                            0x08006e65   Thumb Code    44  lc_ctype_c.o(locale$$code)
    SingletonPtr<PlatformMutex>::operator ->() 0x08006e91   Thumb Code    36  FileBase.o(t._ZN12SingletonPtrI13PlatformMutexEptEv)
    void mbed::Callback<void()>::function_call<void(*)()>(const void*) 0x08006ebd   Thumb Code     4  SerialBase.o(t._ZN4mbed8CallbackIFvvEE13function_callIPS1_EEvPKv)
    void mbed::Callback<void()>::function_dtor<void(*)()>(void*) 0x08006ec1   Thumb Code     2  SerialBase.o(t._ZN4mbed8CallbackIFvvEE13function_dtorIPS1_EEvPv)
    void mbed::Callback<void()>::function_move<void(*)()>(void*, const void*) 0x08006ec3   Thumb Code    10  SerialBase.o(t._ZN4mbed8CallbackIFvvEE13function_moveIPS1_EEvPvPKv)
    mbed::Callback<void()>::~Callback()      0x08006ecd   Thumb Code    18  main.o(t._ZN4mbed8CallbackIFvvEED1Ev)
    mbed::Callback<void()>::~Callback__sub_object() 0x08006ecd   Thumb Code     0  main.o(t._ZN4mbed8CallbackIFvvEED1Ev)
    CThunk<mbed::SerialBase>::trampoline(mbed::SerialBase*, void*, void(mbed::SerialBase::**)(void*)) 0x08006edf   Thumb Code    54  SerialBase.o(t._ZN6CThunkIN4mbed10SerialBaseEE10trampolineEPS1_PvPMS1_FvS4_E)
    __aeabi_d2f                              0x08006f15   Thumb Code     0  d2f.o(x$fpl$d2f)
    _d2f                                     0x08006f15   Thumb Code    98  d2f.o(x$fpl$d2f)
    __aeabi_ddiv                             0x08006f79   Thumb Code     0  ddiv.o(x$fpl$ddiv)
    _ddiv                                    0x08006f79   Thumb Code   552  ddiv.o(x$fpl$ddiv)
    __fpl_dnaninf                            0x08007229   Thumb Code   156  dnaninf.o(x$fpl$dnaninf)
    __fpl_dretinf                            0x080072c5   Thumb Code    12  dretinf.o(x$fpl$dretinf)
    __aeabi_f2d                              0x080072d1   Thumb Code     0  f2d.o(x$fpl$f2d)
    _f2d                                     0x080072d1   Thumb Code    86  f2d.o(x$fpl$f2d)
    __fpl_fnaninf                            0x08007327   Thumb Code   140  fnaninf.o(x$fpl$fnaninf)
    _fp_init                                 0x080073b3   Thumb Code    10  fpinit.o(x$fpl$fpinit)
    __fplib_config_fpu_vfp                   0x080073bb   Thumb Code     0  fpinit.o(x$fpl$fpinit)
    __fplib_config_pureend_doubles           0x080073bb   Thumb Code     0  fpinit.o(x$fpl$fpinit)
    __fpl_fretinf                            0x080073bd   Thumb Code    10  fretinf.o(x$fpl$fretinf)
    _printf_fp_dec                           0x080073c7   Thumb Code     4  printf1.o(x$fpl$printf1)
    _printf_fp_hex                           0x080073cb   Thumb Code     4  printf2.o(x$fpl$printf2)
    __I$use$fp                               0x080073ce   Number         0  usenofp.o(x$fpl$usenofp)
    PinMap_ADC                               0x080073d0   Data         240  PeripheralPins.o(.constdata)
    PinMap_PWM                               0x080074c0   Data         360  PeripheralPins.o(.constdata)
    PinMap_UART_TX                           0x08007628   Data          72  PeripheralPins.o(.constdata)
    PinMap_UART_RX                           0x08007670   Data          72  PeripheralPins.o(.constdata)
    __stdin_name                             0x080076ec   Data           7  retarget.o(.constdata)
    __stdout_name                            0x080076f3   Data           8  retarget.o(.constdata)
    __stderr_name                            0x080076fb   Data           8  retarget.o(.constdata)
    APBAHBPrescTable                         0x08007703   Data          16  stm32f4xx_hal_rcc.o(.constdata)
    AHBPrescTable                            0x08007713   Data          16  system_stm32f4xx.o(.constdata)
    vtable for mbed::FileHandle              0x08007850   Data          52  retarget.o(.constdata__ZTVN4mbed10FileHandleE)
    vtable for mbed::SerialBase              0x08007884   Data          24  SerialBase.o(.constdata__ZTVN4mbed10SerialBaseE)
    vtable for mbed::Serial                  0x0800789c   Data         108  Serial.o(.constdata__ZTVN4mbed6SerialE)
    vtable for mbed::Stream                  0x08007908   Data          76  Stream.o(.constdata__ZTVN4mbed6StreamE)
    vtable for mbed::AnalogIn                0x08007954   Data          24  main.o(.constdata__ZTVN4mbed8AnalogInE)
    vtable for mbed::FileBase                0x0800796c   Data          16  FileBase.o(.constdata__ZTVN4mbed8FileBaseE)
    vtable for mbed::FileLike                0x0800797c   Data          68  FileLike.o(.constdata__ZTVN4mbed8FileLikeE)
    SingletonPtr<PlatformMutex>::get()::string 0x080079c0   Data          20  main.o(.constdata__ZZN12SingletonPtrI13PlatformMutexE3getEvEs)
    SingletonPtr<PlatformMutex>::get()::string (instance 2) 0x080079d4   Data          31  main.o(.constdata__ZZN12SingletonPtrI13PlatformMutexE3getEvEs_0)
    void mbed::Callback<void()>::generate<void(*)()>(const T1&)::ops 0x080079f4   Data          12  SerialBase.o(.constdata__ZZN4mbed8CallbackIFvvEE8generateIPS1_EEvRKT_E3ops)
    mbed::Callback<void()>::call() const::string 0x08007a00   Data           5  SerialBase.o(.constdata__ZZNK4mbed8CallbackIFvvEE4callEvEs)
    mbed::Callback<void()>::call() const::string (instance 2) 0x08007a05   Data          74  SerialBase.o(.constdata__ZZNK4mbed8CallbackIFvvEE4callEvEs_0)
    Region$$Table$$Base                      0x08007d54   Number         0  anon$$obj.o(Region$$Table)
    Region$$Table$$Limit                     0x08007d74   Number         0  anon$$obj.o(Region$$Table)
    __ctype                                  0x08007d9d   Data           0  lc_ctype_c.o(locale$$data)
    SHT$$INIT_ARRAY$$Base                    0x08007ea0   Number         0  main.o(.init_array)
    SHT$$INIT_ARRAY$$Limit                   0x08007ea8   Number         0  init_aeabi.o(.init_array)
    redlight                                 0x20000194   Data           4  main.o(.data)
    bluelight                                0x20000198   Data           4  main.o(.data)
    greenlight                               0x2000019c   Data           4  main.o(.data)
    distance                                 0x200001a0   Data           4  main.o(.data)
    duty                                     0x200001a4   Data           4  main.o(.data)
    PreviousVal                              0x200001ac   Data           4  hal_tick.o(.data)
    stdio_uart_inited                        0x200001b8   Data           4  serial_api.o(.data)
    uwTick                                   0x200001c0   Data           4  stm32f4xx_hal.o(.data)
    SystemCoreClock                          0x200001c4   Data           4  system_stm32f4xx.o(.data)
    mbed::AnalogIn::_mutex                   0x200001cc   Data           8  AnalogIn.o(.data)
    mbed::FileBase::_head                    0x200001e4   Data           4  FileBase.o(.data)
    mbed::FileBase::_mutex                   0x200001e8   Data           8  FileBase.o(.data)
    __aeabi_stdin                            0x200001f0   Data           4  stdio_streams.o(.data)
    __aeabi_stdout                           0x200001f4   Data           4  stdio_streams.o(.data)
    __aeabi_stderr                           0x200001f8   Data           4  stdio_streams.o(.data)
    ldr                                      0x20000200   Data          12  main.o(.bss)
    myButton                                 0x2000020c   Data          16  main.o(.bss)
    led                                      0x2000021c   Data          16  main.o(.bss)
    red                                      0x2000022c   Data          16  main.o(.bss)
    green                                    0x2000023c   Data          16  main.o(.bss)
    blue                                     0x2000024c   Data          16  main.o(.bss)
    microswitch1                             0x2000025c   Data          16  main.o(.bss)
    microswitch2                             0x2000026c   Data          16  main.o(.bss)
    motor_A                                  0x2000027c   Data          48  main.o(.bss)
    motor_B                                  0x200002ac   Data          48  main.o(.bss)
    pc                                       0x200002dc   Data         216  main.o(.bss)
    Trigger                                  0x200003b4   Data          16  main.o(.bss)
    Echo                                     0x200003c4   Data          16  main.o(.bss)
    pulse                                    0x200003d4   Data          16  main.o(.bss)
    buzzer                                   0x200003e4   Data          24  tunes.o(.bss)
    AdcHandle                                0x200003fc   Data          72  analogin_api.o(.bss)
    TimMasterHandle                          0x20000444   Data          60  hal_tick.o(.bss)
    stdio_uart                               0x2000071c   Data          76  serial_api.o(.bss)
    __stdin                                  0x200007a4   Data          84  stdio_streams.o(.bss)
    __stdout                                 0x200007f8   Data          84  stdio_streams.o(.bss)
    __stderr                                 0x2000084c   Data          84  stdio_streams.o(.bss)
    Image$$RW_IRAM1$$ZI$$Limit               0x200008bc   Number         0  anon$$obj.o ABSOLUTE



==============================================================================

Memory Map of the image

  Image Entry point : 0x08000195

  Load Region LR_IROM1 (Base: 0x08000000, Size: 0x00007f14, Max: 0x00080000, ABSOLUTE)

    Execution Region ER_IROM1 (Base: 0x08000000, Size: 0x00007ea8, Max: 0x00080000, ABSOLUTE)

    Base Addr    Size         Type   Attr      Idx    E Section Name        Object

    0x08000000   0x00000194   Data   RO         1394    RESET               startup_stm32f401xe.o
    0x08000194   0x00000008   Code   RO         4213  * !!!main             c_w.l(__main.o)
    0x0800019c   0x00000034   Code   RO         4902    !!!scatter          c_w.l(__scatter.o)
    0x080001d0   0x0000001a   Code   RO         4904    !!handler_copy      c_w.l(__scatter_copy.o)
    0x080001ea   0x00000002   PAD
    0x080001ec   0x0000001c   Code   RO         4906    !!handler_zi        c_w.l(__scatter_zi.o)
    0x08000208   0x00000000   Code   RO         4151    .ARM.Collect$$_printf_percent$$00000000  c_w.l(_printf_percent.o)
    0x08000208   0x00000006   Code   RO         4403    .ARM.Collect$$_printf_percent$$00000001  c_w.l(_printf_n.o)
    0x0800020e   0x00000006   Code   RO         4150    .ARM.Collect$$_printf_percent$$00000002  c_w.l(_printf_p.o)
    0x08000214   0x00000006   Code   RO         4409    .ARM.Collect$$_printf_percent$$00000003  c_w.l(_printf_f.o)
    0x0800021a   0x00000006   Code   RO         4410    .ARM.Collect$$_printf_percent$$00000004  c_w.l(_printf_e.o)
    0x08000220   0x00000006   Code   RO         4411    .ARM.Collect$$_printf_percent$$00000005  c_w.l(_printf_g.o)
    0x08000226   0x00000006   Code   RO         4412    .ARM.Collect$$_printf_percent$$00000006  c_w.l(_printf_a.o)
    0x0800022c   0x0000000a   Code   RO         4417    .ARM.Collect$$_printf_percent$$00000007  c_w.l(_printf_ll.o)
    0x08000236   0x00000006   Code   RO         4406    .ARM.Collect$$_printf_percent$$00000008  c_w.l(_printf_i.o)
    0x0800023c   0x00000006   Code   RO         4407    .ARM.Collect$$_printf_percent$$00000009  c_w.l(_printf_d.o)
    0x08000242   0x00000006   Code   RO         4408    .ARM.Collect$$_printf_percent$$0000000A  c_w.l(_printf_u.o)
    0x08000248   0x00000006   Code   RO         4405    .ARM.Collect$$_printf_percent$$0000000B  c_w.l(_printf_o.o)
    0x0800024e   0x00000006   Code   RO         4404    .ARM.Collect$$_printf_percent$$0000000C  c_w.l(_printf_x.o)
    0x08000254   0x00000006   Code   RO         4414    .ARM.Collect$$_printf_percent$$0000000D  c_w.l(_printf_lli.o)
    0x0800025a   0x00000006   Code   RO         4415    .ARM.Collect$$_printf_percent$$0000000E  c_w.l(_printf_lld.o)
    0x08000260   0x00000006   Code   RO         4416    .ARM.Collect$$_printf_percent$$0000000F  c_w.l(_printf_llu.o)
    0x08000266   0x00000006   Code   RO         4421    .ARM.Collect$$_printf_percent$$00000010  c_w.l(_printf_llo.o)
    0x0800026c   0x00000006   Code   RO         4422    .ARM.Collect$$_printf_percent$$00000011  c_w.l(_printf_llx.o)
    0x08000272   0x0000000a   Code   RO         4418    .ARM.Collect$$_printf_percent$$00000012  c_w.l(_printf_l.o)
    0x0800027c   0x00000006   Code   RO         4401    .ARM.Collect$$_printf_percent$$00000013  c_w.l(_printf_c.o)
    0x08000282   0x00000006   Code   RO         4402    .ARM.Collect$$_printf_percent$$00000014  c_w.l(_printf_s.o)
    0x08000288   0x00000006   Code   RO         4419    .ARM.Collect$$_printf_percent$$00000015  c_w.l(_printf_lc.o)
    0x0800028e   0x00000006   Code   RO         4420    .ARM.Collect$$_printf_percent$$00000016  c_w.l(_printf_ls.o)
    0x08000294   0x00000004   Code   RO         4413    .ARM.Collect$$_printf_percent$$00000017  c_w.l(_printf_percent_end.o)
    0x08000298   0x00000002   Code   RO         4767    .ARM.Collect$$libinit$$00000000  c_w.l(libinit.o)
    0x0800029a   0x00000004   Code   RO         4473    .ARM.Collect$$libinit$$00000001  c_w.l(libinit2.o)
    0x0800029e   0x00000000   Code   RO         4476    .ARM.Collect$$libinit$$00000004  c_w.l(libinit2.o)
    0x0800029e   0x00000008   Code   RO         4477    .ARM.Collect$$libinit$$00000005  c_w.l(libinit2.o)
    0x080002a6   0x00000000   Code   RO         4479    .ARM.Collect$$libinit$$0000000A  c_w.l(libinit2.o)
    0x080002a6   0x00000000   Code   RO         4481    .ARM.Collect$$libinit$$0000000C  c_w.l(libinit2.o)
    0x080002a6   0x00000000   Code   RO         4483    .ARM.Collect$$libinit$$0000000E  c_w.l(libinit2.o)
    0x080002a6   0x00000006   Code   RO         4484    .ARM.Collect$$libinit$$0000000F  c_w.l(libinit2.o)
    0x080002ac   0x00000000   Code   RO         4486    .ARM.Collect$$libinit$$00000011  c_w.l(libinit2.o)
    0x080002ac   0x0000000c   Code   RO         4487    .ARM.Collect$$libinit$$00000012  c_w.l(libinit2.o)
    0x080002b8   0x00000000   Code   RO         4488    .ARM.Collect$$libinit$$00000013  c_w.l(libinit2.o)
    0x080002b8   0x00000000   Code   RO         4490    .ARM.Collect$$libinit$$00000015  c_w.l(libinit2.o)
    0x080002b8   0x0000000a   Code   RO         4491    .ARM.Collect$$libinit$$00000016  c_w.l(libinit2.o)
    0x080002c2   0x00000000   Code   RO         4492    .ARM.Collect$$libinit$$00000017  c_w.l(libinit2.o)
    0x080002c2   0x00000000   Code   RO         4494    .ARM.Collect$$libinit$$00000019  c_w.l(libinit2.o)
    0x080002c2   0x00000000   Code   RO         4496    .ARM.Collect$$libinit$$0000001B  c_w.l(libinit2.o)
    0x080002c2   0x00000000   Code   RO         4498    .ARM.Collect$$libinit$$0000001D  c_w.l(libinit2.o)
    0x080002c2   0x00000000   Code   RO         4500    .ARM.Collect$$libinit$$0000001F  c_w.l(libinit2.o)
    0x080002c2   0x00000000   Code   RO         4502    .ARM.Collect$$libinit$$00000021  c_w.l(libinit2.o)
    0x080002c2   0x00000000   Code   RO         4504    .ARM.Collect$$libinit$$00000023  c_w.l(libinit2.o)
    0x080002c2   0x00000004   Code   RO         4505    .ARM.Collect$$libinit$$00000024  c_w.l(libinit2.o)
    0x080002c6   0x00000000   Code   RO         4506    .ARM.Collect$$libinit$$00000025  c_w.l(libinit2.o)
    0x080002c6   0x00000000   Code   RO         4510    .ARM.Collect$$libinit$$0000002C  c_w.l(libinit2.o)
    0x080002c6   0x00000000   Code   RO         4512    .ARM.Collect$$libinit$$0000002E  c_w.l(libinit2.o)
    0x080002c6   0x00000000   Code   RO         4514    .ARM.Collect$$libinit$$00000030  c_w.l(libinit2.o)
    0x080002c6   0x00000004   Code   RO         4515    .ARM.Collect$$libinit$$00000031  c_w.l(libinit2.o)
    0x080002ca   0x00000000   Code   RO         4516    .ARM.Collect$$libinit$$00000032  c_w.l(libinit2.o)
    0x080002ca   0x00000002   Code   RO         4517    .ARM.Collect$$libinit$$00000033  c_w.l(libinit2.o)
    0x080002cc   0x00000000   Code   RO         4664    .ARM.Collect$$libshutdown$$00000004  c_w.l(libshutdown2.o)
    0x080002cc   0x00000000   Code   RO         4346    .ARM.Collect$$rtentry$$00000000  c_w.l(__rtentry.o)
    0x080002cc   0x00000000   Code   RO         4561    .ARM.Collect$$rtentry$$00000002  c_w.l(__rtentry2.o)
    0x080002cc   0x00000006   Code   RO         4573    .ARM.Collect$$rtentry$$00000004  c_w.l(__rtentry4.o)
    0x080002d2   0x00000008   Code   RO         4562    .ARM.Collect$$rtentry$$00000008  c_w.l(__rtentry2.o)
    0x080002da   0x00000004   Code   RO         4564    .ARM.Collect$$rtentry$$0000000A  c_w.l(__rtentry2.o)
    0x080002de   0x00000000   Code   RO         4566    .ARM.Collect$$rtentry$$0000000C  c_w.l(__rtentry2.o)
    0x080002de   0x00000008   Code   RO         4567    .ARM.Collect$$rtentry$$0000000D  c_w.l(__rtentry2.o)
    0x080002e6   0x00000002   PAD
    0x080002e8   0x00000000   Code   RO         4579    .emb_text           c_w.l(maybetermalloc1.o)
    0x080002e8   0x00000024   Code   RO         1395    .text               startup_stm32f401xe.o
    0x0800030c   0x0000005e   Code   RO         4041    .text               c_w.l(h1_alloc.o)
    0x0800036a   0x0000004e   Code   RO         4043    .text               c_w.l(h1_free.o)
    0x080003b8   0x00000024   Code   RO         4099    .text               c_w.l(vsprintf.o)
    0x080003dc   0x0000000a   Code   RO         4101    .text               c_w.l(c89vfprintf.o)
    0x080003e6   0x00000002   PAD
    0x080003e8   0x0000002c   Code   RO         4103    .text               c_w.l(__2sprintf.o)
    0x08000414   0x00000094   Code   RO         4127    .text               c_w.l(_printf_hex_int_ll_ptr.o)
    0x080004a8   0x00000188   Code   RO         4147    .text               c_w.l(__printf_flags_ss_wp.o)
    0x08000630   0x0000003c   Code   RO         4154    .text               c_w.l(__0sscanf.o)
    0x0800066c   0x0000014c   Code   RO         4156    .text               c_w.l(_scanf_int.o)
    0x080007b8   0x00000064   Code   RO         4158    .text               c_w.l(fflush.o)
    0x0800081c   0x000000ec   Code   RO         4172    .text               c_w.l(fopen.o)
    0x08000908   0x00000014   Code   RO         4174    .text               c_w.l(setbuf.o)
    0x0800091c   0x0000004c   Code   RO         4182    .text               c_w.l(fclose.o)
    0x08000968   0x0000003e   Code   RO         4194    .text               c_w.l(strlen.o)
    0x080009a6   0x00000096   Code   RO         4196    .text               c_w.l(strncmp.o)
    0x08000a3c   0x00000064   Code   RO         4198    .text               c_w.l(rt_memcpy_w.o)
    0x08000aa0   0x0000004e   Code   RO         4202    .text               c_w.l(rt_memclr_w.o)
    0x08000aee   0x00000002   PAD
    0x08000af0   0x00000080   Code   RO         4206    .text               c_w.l(strcmpv7m.o)
    0x08000b70   0x00000024   Code   RO         4218    .text               c_w.l(init_aeabi.o)
    0x08000b94   0x00000022   Code   RO         4333    .text               cpprt_w.l(aeabi_vec_dtor_noexceptions.o)
    0x08000bb6   0x00000002   PAD
    0x08000bb8   0x00000008   Code   RO         4347    .text               c_w.l(rt_heap_descriptor.o)
    0x08000bc0   0x00000004   Code   RO         4352    .text               c_w.l(hguard.o)
    0x08000bc4   0x0000008a   Code   RO         4354    .text               c_w.l(init_alloc.o)
    0x08000c4e   0x0000000e   Code   RO         4358    .text               c_w.l(h1_init.o)
    0x08000c5c   0x0000004e   Code   RO         4372    .text               c_w.l(_printf_pad.o)
    0x08000caa   0x00000024   Code   RO         4374    .text               c_w.l(_printf_truncate.o)
    0x08000cce   0x00000052   Code   RO         4376    .text               c_w.l(_printf_str.o)
    0x08000d20   0x000000b2   Code   RO         4378    .text               c_w.l(_printf_intcommon.o)
    0x08000dd2   0x00000002   PAD
    0x08000dd4   0x00000078   Code   RO         4380    .text               c_w.l(_printf_dec.o)
    0x08000e4c   0x00000028   Code   RO         4382    .text               c_w.l(_printf_charcount.o)
    0x08000e74   0x00000030   Code   RO         4384    .text               c_w.l(_printf_char_common.o)
    0x08000ea4   0x0000000a   Code   RO         4386    .text               c_w.l(_sputc.o)
    0x08000eae   0x00000002   PAD
    0x08000eb0   0x00000024   Code   RO         4388    .text               c_w.l(_printf_char_file.o)
    0x08000ed4   0x000000bc   Code   RO         4390    .text               c_w.l(_printf_wctomb.o)
    0x08000f90   0x0000007c   Code   RO         4393    .text               c_w.l(_printf_longlong_dec.o)
    0x0800100c   0x00000070   Code   RO         4399    .text               c_w.l(_printf_oct_int_ll.o)
    0x0800107c   0x0000001c   Code   RO         4423    .text               c_w.l(_chval.o)
    0x08001098   0x0000002c   Code   RO         4429    .text               c_w.l(scanf_char.o)
    0x080010c4   0x00000040   Code   RO         4431    .text               c_w.l(_sgetc.o)
    0x08001104   0x00000008   Code   RO         4441    .text               c_w.l(ferror.o)
    0x0800110c   0x000001d6   Code   RO         4445    .text               c_w.l(flsbuf.o)
    0x080012e2   0x00000002   PAD
    0x080012e4   0x000000f8   Code   RO         4447    .text               c_w.l(fseek.o)
    0x080013dc   0x00000046   Code   RO         4449    .text               c_w.l(setvbuf.o)
    0x08001422   0x00000002   PAD
    0x08001424   0x000000f0   Code   RO         4451    .text               c_w.l(stdio.o)
    0x08001514   0x00000138   Code   RO         4454    .text               c_w.l(initio.o)
    0x0800164c   0x0000000e   Code   RO         4462    .text               c_w.l(defsig_pvfn_outer.o)
    0x0800165a   0x00000034   Code   RO         4581    .text               c_w.l(h1_extend.o)
    0x0800168e   0x0000008a   Code   RO         4585    .text               c_w.l(lludiv10.o)
    0x08001718   0x00000012   Code   RO         4587    .text               c_w.l(isspace.o)
    0x0800172a   0x0000041a   Code   RO         4589    .text               c_w.l(_printf_fp_dec.o)
    0x08001b44   0x000002fc   Code   RO         4591    .text               c_w.l(_printf_fp_hex.o)
    0x08001e40   0x0000002c   Code   RO         4596    .text               c_w.l(_printf_char.o)
    0x08001e6c   0x0000002c   Code   RO         4600    .text               c_w.l(_printf_wchar.o)
    0x08001e98   0x00000374   Code   RO         4602    .text               c_w.l(_scanf.o)
    0x0800220c   0x00000042   Code   RO         4612    .text               c_w.l(ftell.o)
    0x0800224e   0x00000040   Code   RO         4638    .text               c_w.l(_wcrtomb.o)
    0x0800228e   0x0000000a   Code   RO         4640    .text               c_w.l(defsig_exit.o)
    0x08002298   0x0000000e   Code   RO         4642    .text               c_w.l(defsig_rtred_outer.o)
    0x080022a6   0x0000000e   Code   RO         4646    .text               c_w.l(defsig_rtmem_outer.o)
    0x080022b4   0x00000030   Code   RO         4650    .text               c_w.l(defsig_pvfn_inner.o)
    0x080022e4   0x00000050   Code   RO         4654    .text               c_w.l(heapauxa.o)
    0x08002334   0x0000000c   Code   RO         4695    .text               c_w.l(sys_exit.o)
    0x08002340   0x00000010   Code   RO         4697    .text               c_w.l(rt_ctype_table.o)
    0x08002350   0x00000008   Code   RO         4699    .text               c_w.l(rt_locale.o)
    0x08002358   0x00000008   Code   RO         4709    .text               c_w.l(rt_errno_addr.o)
    0x08002360   0x00000080   Code   RO         4716    .text               c_w.l(_printf_fp_infnan.o)
    0x080023e0   0x000000dc   Code   RO         4718    .text               c_w.l(bigflt0.o)
    0x080024bc   0x00000032   Code   RO         4752    .text               c_w.l(defsig_general.o)
    0x080024ee   0x00000002   PAD
    0x080024f0   0x00000034   Code   RO         4754    .text               c_w.l(defsig_rtred_inner.o)
    0x08002524   0x00000050   Code   RO         4756    .text               c_w.l(defsig_rtmem_inner.o)
    0x08002574   0x0000000e   Code   RO         4799    .text               c_w.l(sys_wrch.o)
    0x08002582   0x00000002   Code   RO         4801    .text               c_w.l(use_no_semi.o)
    0x08002584   0x00000000   Code   RO         4803    .text               c_w.l(indicate_semi.o)
    0x08002584   0x0000003e   Code   RO         4721    CL$$btod_d2e        c_w.l(btod.o)
    0x080025c2   0x00000046   Code   RO         4723    CL$$btod_d2e_denorm_low  c_w.l(btod.o)
    0x08002608   0x00000060   Code   RO         4722    CL$$btod_d2e_norm_op1  c_w.l(btod.o)
    0x08002668   0x00000338   Code   RO         4731    CL$$btod_div_common  c_w.l(btod.o)
    0x080029a0   0x000000c6   Code   RO         4728    CL$$btod_e2e        c_w.l(btod.o)
    0x08002a66   0x00000028   Code   RO         4725    CL$$btod_ediv       c_w.l(btod.o)
    0x08002a8e   0x00000028   Code   RO         4724    CL$$btod_emul       c_w.l(btod.o)
    0x08002ab6   0x00000244   Code   RO         4730    CL$$btod_mult_common  c_w.l(btod.o)
    0x08002cfa   0x0000000e   Code   RO         1142    i.$Sub$$main        retarget.o
    0x08002d08   0x00000006   Code   RO         3607    i.<Func3>           mbed.ar(SerialBase.o)
    0x08002d0e   0x00000002   PAD
    0x08002d10   0x000001b4   Code   RO         1453    i.HAL_ADC_ConfigChannel  stm32f4xx_hal_adc.o
    0x08002ec4   0x00000006   Code   RO         1460    i.HAL_ADC_GetValue  stm32f4xx_hal_adc.o
    0x08002eca   0x00000002   PAD
    0x08002ecc   0x00000180   Code   RO         1462    i.HAL_ADC_Init      stm32f4xx_hal_adc.o
    0x0800304c   0x00000002   Code   RO         1465    i.HAL_ADC_MspInit   stm32f4xx_hal_adc.o
    0x0800304e   0x000000bc   Code   RO         1466    i.HAL_ADC_PollForConversion  stm32f4xx_hal_adc.o
    0x0800310a   0x00000002   PAD
    0x0800310c   0x0000010c   Code   RO         1468    i.HAL_ADC_Start     stm32f4xx_hal_adc.o
    0x08003218   0x00000024   Code   RO         1654    i.HAL_DMA_Abort_IT  stm32f4xx_hal_dma.o
    0x0800323c   0x00000204   Code   RO         1794    i.HAL_GPIO_Init     stm32f4xx_hal_gpio.o
    0x08003440   0x0000000c   Code   RO         1413    i.HAL_GetTick       stm32f4xx_hal.o
    0x0800344c   0x00000010   Code   RO         1414    i.HAL_IncTick       stm32f4xx_hal.o
    0x0800345c   0x00000034   Code   RO         1415    i.HAL_Init          stm32f4xx_hal.o
    0x08003490   0x000000b4   Code   RO          962    i.HAL_InitTick      hal_tick.o
    0x08003544   0x00000002   Code   RO         2180    i.HAL_MspInit       stm32f4xx_hal_msp_template.o
    0x08003546   0x00000002   PAD
    0x08003548   0x00000024   Code   RO         1563    i.HAL_NVIC_SetPriorityGrouping  stm32f4xx_hal_cortex.o
    0x0800356c   0x00000198   Code   RO         2364    i.HAL_RCC_ClockConfig  stm32f4xx_hal_rcc.o
    0x08003704   0x00000040   Code   RO         2368    i.HAL_RCC_GetClockConfig  stm32f4xx_hal_rcc.o
    0x08003744   0x00000030   Code   RO         2371    i.HAL_RCC_GetPCLK1Freq  stm32f4xx_hal_rcc.o
    0x08003774   0x00000030   Code   RO         2372    i.HAL_RCC_GetPCLK2Freq  stm32f4xx_hal_rcc.o
    0x080037a4   0x00000094   Code   RO         2373    i.HAL_RCC_GetSysClockFreq  stm32f4xx_hal_rcc.o
    0x08003838   0x0000036c   Code   RO         2376    i.HAL_RCC_OscConfig  stm32f4xx_hal_rcc.o
    0x08003ba4   0x0000002c   Code   RO         3010    i.HAL_TIMEx_PWMN_Start  stm32f4xx_hal_tim_ex.o
    0x08003bd0   0x00000036   Code   RO         2833    i.HAL_TIM_OC_Init   stm32f4xx_hal_tim.o
    0x08003c06   0x00000002   Code   RO         2835    i.HAL_TIM_OC_MspInit  stm32f4xx_hal_tim.o
    0x08003c08   0x00000036   Code   RO         2836    i.HAL_TIM_OC_Start  stm32f4xx_hal_tim.o
    0x08003c3e   0x00000002   PAD
    0x08003c40   0x00000214   Code   RO         2852    i.HAL_TIM_PWM_ConfigChannel  stm32f4xx_hal_tim.o
    0x08003e54   0x00000036   Code   RO         2855    i.HAL_TIM_PWM_Init  stm32f4xx_hal_tim.o
    0x08003e8a   0x00000002   Code   RO         2857    i.HAL_TIM_PWM_MspInit  stm32f4xx_hal_tim.o
    0x08003e8c   0x00000036   Code   RO         2859    i.HAL_TIM_PWM_Start  stm32f4xx_hal_tim.o
    0x08003ec2   0x00000030   Code   RO         1312    i.HAL_UART_ErrorCallback  serial_api.o
    0x08003ef2   0x00000002   PAD
    0x08003ef4   0x00000290   Code   RO         3075    i.HAL_UART_IRQHandler  stm32f4xx_hal_uart.o
    0x08004184   0x00000062   Code   RO         3076    i.HAL_UART_Init     stm32f4xx_hal_uart.o
    0x080041e6   0x00000002   Code   RO         3078    i.HAL_UART_MspInit  stm32f4xx_hal_uart.o
    0x080041e8   0x00000002   Code   RO         3082    i.HAL_UART_RxCpltCallback  stm32f4xx_hal_uart.o
    0x080041ea   0x00000012   Code   RO         1313    i.HAL_UART_TxCpltCallback  serial_api.o
    0x080041fc   0x000000a0   Code   RO         3410    i.SetSysClock       system_stm32f4xx.o
    0x0800429c   0x0000008c   Code   RO         3411    i.SetSysClock_PLL_HSE  system_stm32f4xx.o
    0x08004328   0x000000d0   Code   RO         1080    i.Set_GPIO_Clock    pinmap.o
    0x080043f8   0x00000084   Code   RO         3413    i.SystemCoreClockUpdate  system_stm32f4xx.o
    0x0800447c   0x00000088   Code   RO         3414    i.SystemInit        system_stm32f4xx.o
    0x08004504   0x00000094   Code   RO         2870    i.TIM_Base_SetConfig  stm32f4xx_hal_tim.o
    0x08004598   0x00000010   Code   RO         3089    i.UART_DMAAbortOnError  stm32f4xx_hal_uart.o
    0x080045a8   0x00000344   Code   RO         3095    i.UART_SetConfig    stm32f4xx_hal_uart.o
    0x080048ec   0x000000f4   Code   RO            4    i._Z11GetDistancev  main.o
    0x080049e0   0x00000090   Code   RO            6    i._Z5motorff        main.o
    0x08004a70   0x00000052   Code   RO         1280    i._ZN4mbed10FileHandle4flenEv  retarget.o
    0x08004ac2   0x00000002   Code   RO         1284    i._ZN4mbed10FileHandle4lockEv  retarget.o
    0x08004ac4   0x00000002   Code   RO         1287    i._ZN4mbed10FileHandle6unlockEv  retarget.o
    0x08004ac6   0x00000002   PAD
    0x08004ac8   0x00000074   Code   RO         1144    i._ZN4mbed10FileHandleD2Ev  retarget.o
    0x08004b3c   0x0000000e   Code   RO         3609    i._ZN4mbed10SerialBase10_base_putcEi  mbed.ar(SerialBase.o)
    0x08004b4a   0x00000002   PAD
    0x08004b4c   0x00000030   Code   RO         3615    i._ZN4mbed10SerialBase12_irq_handlerEj9SerialIrq  mbed.ar(SerialBase.o)
    0x08004b7c   0x0000003e   Code   RO         3619    i._ZN4mbed10SerialBase24interrupt_handler_asynchEv  mbed.ar(SerialBase.o)
    0x08004bba   0x00000028   Code   RO         3620    i._ZN4mbed10SerialBase4baudEi  mbed.ar(SerialBase.o)
    0x08004be2   0x00000002   Code   RO         3621    i._ZN4mbed10SerialBase4lockEv  mbed.ar(SerialBase.o)
    0x08004be4   0x00000002   Code   RO         3628    i._ZN4mbed10SerialBase6unlockEv  mbed.ar(SerialBase.o)
    0x08004be6   0x00000002   PAD
    0x08004be8   0x000000e0   Code   RO         3631    i._ZN4mbed10SerialBaseC1E7PinNameS1_i  mbed.ar(SerialBase.o)
    0x08004cc8   0x00000006   Code   RO         1145    i._ZN4mbed26mbed_set_unbuffered_streamEPSt6__FILE  retarget.o
    0x08004cce   0x0000001c   Code   RO         3812    i._ZN4mbed5Timer5resetEv  mbed.ar(Timer.o)
    0x08004cea   0x00000020   Code   RO         3813    i._ZN4mbed5Timer5startEv  mbed.ar(Timer.o)
    0x08004d0a   0x0000002c   Code   RO         3815    i._ZN4mbed5Timer7read_usEv  mbed.ar(Timer.o)
    0x08004d36   0x00000028   Code   RO         3818    i._ZN4mbed5TimerC1Ev  mbed.ar(Timer.o)
    0x08004d5e   0x00000002   Code   RO         3552    i._ZN4mbed6Serial4lockEv  mbed.ar(Serial.o)
    0x08004d60   0x00000002   Code   RO         3555    i._ZN4mbed6Serial6unlockEv  mbed.ar(Serial.o)
    0x08004d62   0x00000002   PAD
    0x08004d64   0x0000002c   Code   RO         3556    i._ZN4mbed6SerialC1E7PinNameS1_PKci  mbed.ar(Serial.o)
    0x08004d90   0x00000058   Code   RO           64    i._ZN4mbed6SerialD1Ev  main.o
    0x08004de8   0x00000004   Code   RO         3730    i._ZN4mbed6Stream4flenEv  mbed.ar(Stream.o)
    0x08004dec   0x00000004   Code   RO         3736    i._ZN4mbed6Stream5closeEv  mbed.ar(Stream.o)
    0x08004df0   0x00000004   Code   RO         3738    i._ZN4mbed6Stream5lseekEli  mbed.ar(Stream.o)
    0x08004df4   0x0000003c   Code   RO         3740    i._ZN4mbed6Stream5writeEPKvj  mbed.ar(Stream.o)
    0x08004e30   0x00000004   Code   RO         3741    i._ZN4mbed6Stream6isattyEv  mbed.ar(Stream.o)
    0x08004e34   0x00000032   Code   RO         3742    i._ZN4mbed6Stream6printfEPKcz  mbed.ar(Stream.o)
    0x08004e66   0x00000002   PAD
    0x08004e68   0x00000040   Code   RO         3745    i._ZN4mbed6StreamC2EPKc  mbed.ar(Stream.o)
    0x08004ea8   0x00000020   Code   RO         3747    i._ZN4mbed6StreamD2Ev  mbed.ar(Stream.o)
    0x08004ec8   0x0000002c   Code   RO           83    i._ZN4mbed8AnalogIn4lockEv  main.o
    0x08004ef4   0x0000002c   Code   RO           77    i._ZN4mbed8AnalogIn6unlockEv  main.o
    0x08004f20   0x00000002   Code   RO           58    i._ZN4mbed8AnalogInD1Ev  main.o
    0x08004f22   0x00000004   Code   RO         3960    i._ZN4mbed8FileBase11getPathTypeEv  mbed.ar(FileBase.o)
    0x08004f26   0x00000002   PAD
    0x08004f28   0x0000006c   Code   RO         3962    i._ZN4mbed8FileBase6lookupEPKcj  mbed.ar(FileBase.o)
    0x08004f94   0x00000040   Code   RO         3964    i._ZN4mbed8FileBaseC1EPKcNS_8PathTypeE  mbed.ar(FileBase.o)
    0x08004fd4   0x00000048   Code   RO         3966    i._ZN4mbed8FileBaseD1Ev  mbed.ar(FileBase.o)
    0x0800501c   0x00000024   Code   RO         3995    i._ZN4mbed8FileLikeC2EPKc  mbed.ar(FileLike.o)
    0x08005040   0x00000012   Code   RO         3997    i._ZN4mbed8FileLikeD2Ev  mbed.ar(FileLike.o)
    0x08005052   0x00000018   Code   RO         3453    i._ZN4mbed8FilePath10fileSystemEv  mbed.ar(FilePath.o)
    0x0800506a   0x0000001c   Code   RO         3455    i._ZN4mbed8FilePath4fileEv  mbed.ar(FilePath.o)
    0x08005086   0x0000000a   Code   RO         3456    i._ZN4mbed8FilePath6existsEv  mbed.ar(FilePath.o)
    0x08005090   0x00000018   Code   RO         3457    i._ZN4mbed8FilePath6isFileEv  mbed.ar(FilePath.o)
    0x080050a8   0x00000004   Code   RO         3458    i._ZN4mbed8FilePath8fileNameEv  mbed.ar(FilePath.o)
    0x080050ac   0x00000040   Code   RO         3459    i._ZN4mbed8FilePathC1EPKc  mbed.ar(FilePath.o)
    0x080050ec   0x00000002   Code   RO         3632    i._ZN4mbed9donothingEv  mbed.ar(SerialBase.o)
    0x080050ee   0x00000002   PAD
    0x080050f0   0x00000044   Code   RO          615    i._ZN5Motor3FwdEf   motor.o
    0x08005134   0x00000044   Code   RO          616    i._ZN5Motor3RevEf   motor.o
    0x08005178   0x00000030   Code   RO          617    i._ZN5MotorC1E7PinNameS0_  motor.o
    0x080051a8   0x00000002   Code   RO         3558    i._ZThn188_N4mbed6Serial4lockEv  mbed.ar(Serial.o)
    0x080051aa   0x00000006   Code   RO         3560    i._ZThn188_N4mbed6Serial5_putcEi  mbed.ar(Serial.o)
    0x080051b0   0x00000002   Code   RO         3561    i._ZThn188_N4mbed6Serial6unlockEv  mbed.ar(Serial.o)
    0x080051b2   0x00000030   Code   RO         4789    i.__ARM_fpclassify  m_wm.l(fpclassify.o)
    0x080051e2   0x00000002   PAD
    0x080051e4   0x00000034   Code   RO          904    i.__NVIC_SetVector  cmsis_nvic.o
    0x08005218   0x00000004   Code   RO         1152    i.__aeabi_atexit    retarget.o
    0x0800521c   0x00000024   Code   RO         4330    i.__aeabi_vec_ctor_nocookie_nodtor  cpprt_w.l(aeabi_vec_ctor_nocookie_nodtor.o)
    0x08005240   0x00000006   Code   RO         4221    i.__cxa_pure_virtual  cpprt_w.l(pure_virt.o)
    0x08005246   0x00000002   PAD
    0x08005248   0x00000170   Code   RO            7    i.__sti___8_main_cpp_ldr  main.o
    0x080053b8   0x00000020   Code   RO          806    i.__sti___9_tunes_cpp_buzzer  tunes.o
    0x080053d8   0x00000010   Code   RO         3404    i.__user_setup_stackheap  sys.o
    0x080053e8   0x0000000e   Code   RO         4140    i._is_digit         c_w.l(__printf_wp.o)
    0x080053f6   0x00000008   Code   RO         1155    i._platform_post_stackheap_init  retarget.o
    0x080053fe   0x00000002   PAD
    0x08005400   0x0000002c   Code   RO         1156    i._sys_close        retarget.o
    0x0800542c   0x00000028   Code   RO         1159    i._sys_flen         retarget.o
    0x08005454   0x00000028   Code   RO         1160    i._sys_istty        retarget.o
    0x0800547c   0x000001dc   Code   RO         1161    i._sys_open         retarget.o
    0x08005658   0x00000028   Code   RO         1163    i._sys_seek         retarget.o
    0x08005680   0x00000068   Code   RO         1164    i._sys_write        retarget.o
    0x080056e8   0x000000b0   Code   RO          874    i.adc_read          analogin_api.o
    0x08005798   0x00000120   Code   RO          875    i.analogin_init     analogin_api.o
    0x080058b8   0x0000001c   Code   RO          876    i.analogin_read     analogin_api.o
    0x080058d4   0x0000008c   Code   RO         3915    i.core_util_critical_section_enter  mbed.ar(mbed_critical.o)
    0x08005960   0x00000058   Code   RO         3916    i.core_util_critical_section_exit  mbed.ar(mbed_critical.o)
    0x080059b8   0x00000012   Code   RO         3940    i.error             mbed.ar(mbed_error.o)
    0x080059ca   0x00000002   PAD
    0x080059cc   0x00000020   Code   RO         1166    i.exit              retarget.o
    0x080059ec   0x0000001a   Code   RO         4167    i.fputc             c_w.l(fputc.o)
    0x08005a06   0x00000002   PAD
    0x08005a08   0x00000008   Code   RO         3881    i.get_us_ticker_data  mbed.ar(mbed_us_ticker_api.o)
    0x08005a10   0x00000054   Code   RO          913    i.gpio_dir          gpio_api.o
    0x08005a64   0x0000003a   Code   RO          914    i.gpio_init         gpio_api.o
    0x08005a9e   0x00000028   Code   RO         3846    i.gpio_init_in      mbed.ar(mbed_gpio.o)
    0x08005ac6   0x00000002   PAD
    0x08005ac8   0x0000004c   Code   RO         3849    i.gpio_init_out     mbed.ar(mbed_gpio.o)
    0x08005b14   0x0000006c   Code   RO         3850    i.gpio_init_out_ex  mbed.ar(mbed_gpio.o)
    0x08005b80   0x00000008   Code   RO          915    i.gpio_mode         gpio_api.o
    0x08005b88   0x00000080   Code   RO         1314    i.init_uart         serial_api.o
    0x08005c08   0x000005dc   Code   RO            8    i.main              main.o
    0x080061e4   0x00000054   Code   RO         3894    i.mbed_assert_internal  mbed.ar(mbed_assert.o)
    0x08006238   0x00000070   Code   RO         1039    i.mbed_die          mbed_board.o
    0x080062a8   0x00000054   Code   RO         1040    i.mbed_error_printf  mbed_board.o
    0x080062fc   0x0000004c   Code   RO         1041    i.mbed_error_vfprintf  mbed_board.o
    0x08006348   0x00000002   Code   RO         1167    i.mbed_main         retarget.o
    0x0800634a   0x0000000e   Code   RO         1053    i.mbed_sdk_init     mbed_overrides.o
    0x08006358   0x0000006c   Code   RO         1081    i.pin_function      pinmap.o
    0x080063c4   0x00000058   Code   RO         1083    i.pin_mode          pinmap.o
    0x0800641c   0x00000060   Code   RO         3865    i.pinmap_function   mbed.ar(mbed_pinmap_common.o)
    0x0800647c   0x0000003c   Code   RO         3866    i.pinmap_merge      mbed.ar(mbed_pinmap_common.o)
    0x080064b8   0x00000060   Code   RO         3867    i.pinmap_peripheral  mbed.ar(mbed_pinmap_common.o)
    0x08006518   0x0000005c   Code   RO         3868    i.pinmap_pinout     mbed.ar(mbed_pinmap_common.o)
    0x08006574   0x0000018c   Code   RO         1115    i.pwmout_init       pwmout_api.o
    0x08006700   0x000001a4   Code   RO         1118    i.pwmout_period_us  pwmout_api.o
    0x080068a4   0x000000cc   Code   RO         1123    i.pwmout_write      pwmout_api.o
    0x08006970   0x00000006   Code   RO         1315    i.serial_baud       serial_api.o
    0x08006976   0x00000002   PAD
    0x08006978   0x00000178   Code   RO         1322    i.serial_init       serial_api.o
    0x08006af0   0x00000018   Code   RO         1323    i.serial_irq_handler  serial_api.o
    0x08006b08   0x0000015c   Code   RO         1324    i.serial_irq_handler_asynch  serial_api.o
    0x08006c64   0x00000024   Code   RO         1327    i.serial_putc       serial_api.o
    0x08006c88   0x0000004e   Code   RO         4022    i.ticker_irq_handler  mbed.ar(mbed_ticker_api.o)
    0x08006cd6   0x00000006   Code   RO         4023    i.ticker_read       mbed.ar(mbed_ticker_api.o)
    0x08006cdc   0x00000064   Code   RO          965    i.timer_irq_handler  hal_tick.o
    0x08006d40   0x00000010   Code   RO         3428    i.us_ticker_clear_interrupt  us_ticker.o
    0x08006d50   0x00000014   Code   RO         3429    i.us_ticker_disable_interrupt  us_ticker.o
    0x08006d64   0x00000028   Code   RO         3430    i.us_ticker_init    us_ticker.o
    0x08006d8c   0x0000000c   Code   RO         3882    i.us_ticker_irq_handler  mbed.ar(mbed_us_ticker_api.o)
    0x08006d98   0x00000030   Code   RO         3431    i.us_ticker_read    us_ticker.o
    0x08006dc8   0x00000014   Code   RO         3432    i.us_ticker_set_interrupt  us_ticker.o
    0x08006ddc   0x00000028   Code   RO         3948    i.wait              mbed.ar(mbed_wait_api_no_rtos.o)
    0x08006e04   0x0000001c   Code   RO         3949    i.wait_ms           mbed.ar(mbed_wait_api_no_rtos.o)
    0x08006e20   0x00000018   Code   RO         3950    i.wait_us           mbed.ar(mbed_wait_api_no_rtos.o)
    0x08006e38   0x0000002c   Code   RO         4746    locale$$code        c_w.l(lc_numeric_c.o)
    0x08006e64   0x0000002c   Code   RO         4815    locale$$code        c_w.l(lc_ctype_c.o)
    0x08006e90   0x0000002c   Code   RO         3987    t._ZN12SingletonPtrI13PlatformMutexEptEv  mbed.ar(FileBase.o)
    0x08006ebc   0x00000004   Code   RO         3718    t._ZN4mbed8CallbackIFvvEE13function_callIPS1_EEvPKv  mbed.ar(SerialBase.o)
    0x08006ec0   0x00000002   Code   RO         3724    t._ZN4mbed8CallbackIFvvEE13function_dtorIPS1_EEvPv  mbed.ar(SerialBase.o)
    0x08006ec2   0x0000000a   Code   RO         3721    t._ZN4mbed8CallbackIFvvEE13function_moveIPS1_EEvPvPKv  mbed.ar(SerialBase.o)
    0x08006ecc   0x00000012   Code   RO           67    t._ZN4mbed8CallbackIFvvEED1Ev  main.o
    0x08006ede   0x00000036   Code   RO         3709    t._ZN6CThunkIN4mbed10SerialBaseEE10trampolineEPS1_PvPMS1_FvS4_E  mbed.ar(SerialBase.o)
    0x08006f14   0x00000062   Code   RO         4336    x$fpl$d2f           fz_wm.l(d2f.o)
    0x08006f76   0x00000002   PAD
    0x08006f78   0x000002b0   Code   RO         4339    x$fpl$ddiv          fz_wm.l(ddiv.o)
    0x08007228   0x0000009c   Code   RO         4538    x$fpl$dnaninf       fz_wm.l(dnaninf.o)
    0x080072c4   0x0000000c   Code   RO         4540    x$fpl$dretinf       fz_wm.l(dretinf.o)
    0x080072d0   0x00000056   Code   RO         4342    x$fpl$f2d           fz_wm.l(f2d.o)
    0x08007326   0x0000008c   Code   RO         4542    x$fpl$fnaninf       fz_wm.l(fnaninf.o)
    0x080073b2   0x0000000a   Code   RO         4693    x$fpl$fpinit        fz_wm.l(fpinit.o)
    0x080073bc   0x0000000a   Code   RO         4544    x$fpl$fretinf       fz_wm.l(fretinf.o)
    0x080073c6   0x00000004   Code   RO         4546    x$fpl$printf1       fz_wm.l(printf1.o)
    0x080073ca   0x00000004   Code   RO         4548    x$fpl$printf2       fz_wm.l(printf2.o)
    0x080073ce   0x00000000   Code   RO         4556    x$fpl$usenofp       fz_wm.l(usenofp.o)
    0x080073ce   0x00000002   PAD
    0x080073d0   0x000000f0   Data   RO         1062    .constdata          PeripheralPins.o
    0x080074c0   0x00000168   Data   RO         1065    .constdata          PeripheralPins.o
    0x08007628   0x00000048   Data   RO         1066    .constdata          PeripheralPins.o
    0x08007670   0x00000048   Data   RO         1067    .constdata          PeripheralPins.o
    0x080076b8   0x00000034   Data   RO         1084    .constdata          pinmap.o
    0x080076ec   0x00000017   Data   RO         1217    .constdata          retarget.o
    0x08007703   0x00000010   Data   RO         2377    .constdata          stm32f4xx_hal_rcc.o
    0x08007713   0x00000010   Data   RO         3415    .constdata          system_stm32f4xx.o
    0x08007723   0x00000001   PAD
    0x08007724   0x00000010   Data   RO         3659    .constdata          mbed.ar(SerialBase.o)
    0x08007734   0x00000014   Data   RO         3883    .constdata          mbed.ar(mbed_us_ticker_api.o)
    0x08007748   0x00000008   Data   RO         3884    .constdata          mbed.ar(mbed_us_ticker_api.o)
    0x08007750   0x00000028   Data   RO         4128    .constdata          c_w.l(_printf_hex_int_ll_ptr.o)
    0x08007778   0x00000011   Data   RO         4148    .constdata          c_w.l(__printf_flags_ss_wp.o)
    0x08007789   0x00000003   PAD
    0x0800778c   0x00000008   Data   RO         4391    .constdata          c_w.l(_printf_wctomb.o)
    0x08007794   0x00000026   Data   RO         4592    .constdata          c_w.l(_printf_fp_hex.o)
    0x080077ba   0x00000002   PAD
    0x080077bc   0x00000094   Data   RO         4719    .constdata          c_w.l(bigflt0.o)
    0x08007850   0x00000034   Data   RO         1279    .constdata__ZTVN4mbed10FileHandleE  retarget.o
    0x08007884   0x00000018   Data   RO         3697    .constdata__ZTVN4mbed10SerialBaseE  mbed.ar(SerialBase.o)
    0x0800789c   0x0000006c   Data   RO         3586    .constdata__ZTVN4mbed6SerialE  mbed.ar(Serial.o)
    0x08007908   0x0000004c   Data   RO         3804    .constdata__ZTVN4mbed6StreamE  mbed.ar(Stream.o)
    0x08007954   0x00000018   Data   RO           74    .constdata__ZTVN4mbed8AnalogInE  main.o
    0x0800796c   0x00000010   Data   RO         3986    .constdata__ZTVN4mbed8FileBaseE  mbed.ar(FileBase.o)
    0x0800797c   0x00000044   Data   RO         4014    .constdata__ZTVN4mbed8FileLikeE  mbed.ar(FileLike.o)
    0x080079c0   0x00000014   Data   RO           56    .constdata__ZZN12SingletonPtrI13PlatformMutexE3getEvEs  main.o
    0x080079d4   0x0000001f   Data   RO           57    .constdata__ZZN12SingletonPtrI13PlatformMutexE3getEvEs_0  main.o
    0x080079f3   0x00000001   PAD
    0x080079f4   0x0000000c   Data   RO         3716    .constdata__ZZN4mbed8CallbackIFvvEE8generateIPS1_EEvRKT_E3ops  mbed.ar(SerialBase.o)
    0x08007a00   0x00000005   Data   RO         3704    .constdata__ZZNK4mbed8CallbackIFvvEE4callEvEs  mbed.ar(SerialBase.o)
    0x08007a05   0x0000004a   Data   RO         3705    .constdata__ZZNK4mbed8CallbackIFvvEE4callEvEs_0  mbed.ar(SerialBase.o)
    0x08007a4f   0x00000001   PAD
    0x08007a50   0x00000086   Data   RO           15    .conststring        main.o
    0x08007ad6   0x00000002   PAD
    0x08007ad8   0x0000005b   Data   RO          879    .conststring        analogin_api.o
    0x08007b33   0x00000001   PAD
    0x08007b34   0x00000057   Data   RO          917    .conststring        gpio_api.o
    0x08007b8b   0x00000001   PAD
    0x08007b8c   0x00000073   Data   RO         1042    .conststring        mbed_board.o
    0x08007bff   0x00000001   PAD
    0x08007c00   0x00000055   Data   RO         1085    .conststring        pinmap.o
    0x08007c55   0x00000003   PAD
    0x08007c58   0x00000059   Data   RO         1125    .conststring        pwmout_api.o
    0x08007cb1   0x00000003   PAD
    0x08007cb4   0x00000059   Data   RO         1342    .conststring        serial_api.o
    0x08007d0d   0x00000003   PAD
    0x08007d10   0x00000043   Data   RO         3917    .conststring        mbed.ar(mbed_critical.o)
    0x08007d53   0x00000001   PAD
    0x08007d54   0x00000020   Data   RO         4900    Region$$Table       anon$$obj.o
    0x08007d74   0x0000001c   Data   RO         4745    locale$$data        c_w.l(lc_numeric_c.o)
    0x08007d90   0x00000110   Data   RO         4814    locale$$data        c_w.l(lc_ctype_c.o)
    0x08007ea0   0x00000004   Data   RO           18    .init_array         main.o
    0x08007ea4   0x00000004   Data   RO          814    .init_array         tunes.o
    0x08007ea8   0x00000000   Data   RO         4216    .init_array         c_w.l(init_aeabi.o)


    Execution Region RW_IRAM1 (Base: 0x20000194, Size: 0x00000728, Max: 0x00017e6c, ABSOLUTE)

    Base Addr    Size         Type   Attr      Idx    E Section Name        Object

    0x20000194   0x00000014   Data   RW           16    .data               main.o
    0x200001a8   0x00000004   Data   RW          880    .data               analogin_api.o
    0x200001ac   0x00000004   Data   RW          967    .data               hal_tick.o
    0x200001b0   0x00000008   Data   RW         1220    .data               retarget.o
    0x200001b8   0x00000008   Data   RW         1343    .data               serial_api.o
    0x200001c0   0x00000004   Data   RW         1421    .data               stm32f4xx_hal.o
    0x200001c4   0x00000004   Data   RW         3416    .data               system_stm32f4xx.o
    0x200001c8   0x00000004   Data   RW         3434    .data               us_ticker.o
    0x200001cc   0x00000008   Data   RW         3446    .data               mbed.ar(AnalogIn.o)
    0x200001d4   0x00000008   Data   RW         3885    .data               mbed.ar(mbed_us_ticker_api.o)
    0x200001dc   0x00000008   Data   RW         3918    .data               mbed.ar(mbed_critical.o)
    0x200001e4   0x0000000c   Data   RW         3974    .data               mbed.ar(FileBase.o)
    0x200001f0   0x00000004   Data   RW         4179    .data               c_w.l(stdio_streams.o)
    0x200001f4   0x00000004   Data   RW         4180    .data               c_w.l(stdio_streams.o)
    0x200001f8   0x00000004   Data   RW         4181    .data               c_w.l(stdio_streams.o)
    0x200001fc   0x00000004   Data   RW         4655    .data               c_w.l(heapauxa.o)
    0x20000200   0x000001e4   Zero   RW           14    .bss                main.o
    0x200003e4   0x00000018   Zero   RW          813    .bss                tunes.o
    0x200003fc   0x00000048   Zero   RW          878    .bss                analogin_api.o
    0x20000444   0x0000003c   Zero   RW          966    .bss                hal_tick.o
    0x20000480   0x0000003c   Zero   RW         1124    .bss                pwmout_api.o
    0x200004bc   0x00000040   Zero   RW         1216    .bss                retarget.o
    0x200004fc   0x0000026c   Zero   RW         1341    .bss                serial_api.o
    0x20000768   0x0000003c   Zero   RW         3433    .bss                us_ticker.o
    0x200007a4   0x00000054   Zero   RW         4176    .bss                c_w.l(stdio_streams.o)
    0x200007f8   0x00000054   Zero   RW         4177    .bss                c_w.l(stdio_streams.o)
    0x2000084c   0x00000054   Zero   RW         4178    .bss                c_w.l(stdio_streams.o)
    0x200008a0   0x00000004   Zero   RW         4348    .bss                c_w.l(rt_heap_descriptor.o)
    0x200008a4   0x00000014   Zero   RW         4700    .bss                c_w.l(rt_locale.o)
    0x200008b8   0x00000004   Zero   RW         4710    .bss                c_w.l(rt_errno_addr.o)


==============================================================================

Image component sizes


      Code (inc. data)   RO Data    RW Data    ZI Data      Debug   Object Name

         0          0        744          0          0          0   PeripheralPins.o
       492        132         91          4         72        400   analogin_api.o
        52          4          0          0          0        132   cmsis_nvic.o
       150         30         87          0          0        388   gpio_api.o
       280         48          0          4         60        256   hal_tick.o
      2452        332        213         20        484     184432   main.o
       272         46        115          0          0        404   mbed_board.o
        14          0          0          0          0        128   mbed_overrides.o
       184         12          0          0          0       5020   motor.o
       404        126        137          0          0        392   pinmap.o
      1020        200         89          0         60        464   pwmout_api.o
      1012        100         75          8         64       1984   retarget.o
       984        114         89          8        620       1004   serial_api.o
        36          8        404          0          0        276   startup_stm32f401xe.o
        80         16          0          4          0        356   stm32f4xx_hal.o
      1284         36          0          0          0        776   stm32f4xx_hal_adc.o
        36          6          0          0          0        116   stm32f4xx_hal_cortex.o
        36          0          0          0          0        116   stm32f4xx_hal_dma.o
       516         22          0          0          0        140   stm32f4xx_hal_gpio.o
         2          0          0          0          0        116   stm32f4xx_hal_msp_template.o
      1592        114         16          0          0        756   stm32f4xx_hal_rcc.o
       900         22          0          0          0        980   stm32f4xx_hal_tim.o
        44          0          0          0          0        116   stm32f4xx_hal_tim_ex.o
      1610         20          0          0          0        756   stm32f4xx_hal_uart.o
        16          6          0          0          0        116   sys.o
       568         76         16          4          0        544   system_stm32f4xx.o
        32          6          4          0         24       1505   tunes.o
       144         46          0          4         60        588   us_ticker.o

    ----------------------------------------------------------------------
     14228       1522       2128         56       1444     202261   Object Totals
         0          0         32          0          0          0   (incl. Generated)
        16          0         16          0          0          0   (incl. Padding)

    ----------------------------------------------------------------------

      Code (inc. data)   RO Data    RW Data    ZI Data      Debug   Library Member Name

        60          8          0          0          0         84   __0sscanf.o
        44          6          0          0          0         84   __2sprintf.o
         8          0          0          0          0         68   __main.o
       392          4         17          0          0         92   __printf_flags_ss_wp.o
        14          0          0          0          0         68   __printf_wp.o
         0          0          0          0          0          0   __rtentry.o
        20          0          0          0          0          0   __rtentry2.o
         6          0          0          0          0          0   __rtentry4.o
        52          8          0          0          0          0   __scatter.o
        26          0          0          0          0          0   __scatter_copy.o
        28          0          0          0          0          0   __scatter_zi.o
        28          0          0          0          0         68   _chval.o
         6          0          0          0          0          0   _printf_a.o
         6          0          0          0          0          0   _printf_c.o
        44          0          0          0          0        108   _printf_char.o
        48          6          0          0          0         96   _printf_char_common.o
        36          4          0          0          0         80   _printf_char_file.o
        40          0          0          0          0         68   _printf_charcount.o
         6          0          0          0          0          0   _printf_d.o
       120         16          0          0          0         92   _printf_dec.o
         6          0          0          0          0          0   _printf_e.o
         6          0          0          0          0          0   _printf_f.o
      1050          0          0          0          0        216   _printf_fp_dec.o
       764          8         38          0          0        100   _printf_fp_hex.o
       128         16          0          0          0         84   _printf_fp_infnan.o
         6          0          0          0          0          0   _printf_g.o
       148          4         40          0          0        160   _printf_hex_int_ll_ptr.o
         6          0          0          0          0          0   _printf_i.o
       178          0          0          0          0         88   _printf_intcommon.o
        10          0          0          0          0          0   _printf_l.o
         6          0          0          0          0          0   _printf_lc.o
        10          0          0          0          0          0   _printf_ll.o
         6          0          0          0          0          0   _printf_lld.o
         6          0          0          0          0          0   _printf_lli.o
         6          0          0          0          0          0   _printf_llo.o
         6          0          0          0          0          0   _printf_llu.o
         6          0          0          0          0          0   _printf_llx.o
       124         16          0          0          0         92   _printf_longlong_dec.o
         6          0          0          0          0          0   _printf_ls.o
         6          0          0          0          0          0   _printf_n.o
         6          0          0          0          0          0   _printf_o.o
       112         10          0          0          0        124   _printf_oct_int_ll.o
         6          0          0          0          0          0   _printf_p.o
        78          0          0          0          0        108   _printf_pad.o
         0          0          0          0          0          0   _printf_percent.o
         4          0          0          0          0          0   _printf_percent_end.o
         6          0          0          0          0          0   _printf_s.o
        82          0          0          0          0         80   _printf_str.o
        36          0          0          0          0         84   _printf_truncate.o
         6          0          0          0          0          0   _printf_u.o
        44          0          0          0          0        108   _printf_wchar.o
       188          6          8          0          0         92   _printf_wctomb.o
         6          0          0          0          0          0   _printf_x.o
       884          6          0          0          0        100   _scanf.o
       332          0          0          0          0         96   _scanf_int.o
        64          0          0          0          0         84   _sgetc.o
        10          0          0          0          0         68   _sputc.o
        64          0          0          0          0         92   _wcrtomb.o
       220          4        148          0          0         96   bigflt0.o
      1910        128          0          0          0        672   btod.o
        10          0          0          0          0         68   c89vfprintf.o
        10          0          0          0          0         68   defsig_exit.o
        50          0          0          0          0         88   defsig_general.o
        48         34          0          0          0         76   defsig_pvfn_inner.o
        14          0          0          0          0         80   defsig_pvfn_outer.o
        80         58          0          0          0         76   defsig_rtmem_inner.o
        14          0          0          0          0         80   defsig_rtmem_outer.o
        52         38          0          0          0         76   defsig_rtred_inner.o
        14          0          0          0          0         80   defsig_rtred_outer.o
        76          0          0          0          0         88   fclose.o
         8          0          0          0          0         68   ferror.o
       100          4          0          0          0        120   fflush.o
       470          0          0          0          0         88   flsbuf.o
       236          4          0          0          0        128   fopen.o
        26          0          0          0          0         68   fputc.o
       248          6          0          0          0         84   fseek.o
        66          0          0          0          0         76   ftell.o
        94          0          0          0          0         80   h1_alloc.o
        52          0          0          0          0         68   h1_extend.o
        78          0          0          0          0         80   h1_free.o
        14          0          0          0          0         84   h1_init.o
        80          6          0          4          0         96   heapauxa.o
         4          0          0          0          0        136   hguard.o
         0          0          0          0          0          0   indicate_semi.o
        36         10          0          0          0         80   init_aeabi.o
       138          0          0          0          0        168   init_alloc.o
       312         46          0          0          0        112   initio.o
        18          0          0          0          0         76   isspace.o
        44         10        272          0          0         76   lc_ctype_c.o
        44         10         28          0          0         76   lc_numeric_c.o
         2          0          0          0          0          0   libinit.o
        50          0          0          0          0          0   libinit2.o
         0          0          0          0          0          0   libshutdown2.o
       138          0          0          0          0         80   lludiv10.o
         0          0          0          0          0          0   maybetermalloc1.o
        16          4          0          0          0         76   rt_ctype_table.o
         8          4          0          0          4         68   rt_errno_addr.o
         8          4          0          0          4         68   rt_heap_descriptor.o
         8          4          0          0         20         68   rt_locale.o
        78          0          0          0          0         80   rt_memclr_w.o
       100          0          0          0          0         80   rt_memcpy_w.o
        44          8          0          0          0         84   scanf_char.o
        20          0          0          0          0         68   setbuf.o
        70          0          0          0          0         80   setvbuf.o
       240          6          0          0          0        156   stdio.o
         0          0          0         12        252          0   stdio_streams.o
       128          0          0          0          0         68   strcmpv7m.o
        62          0          0          0          0         76   strlen.o
       150          0          0          0          0         80   strncmp.o
        12          4          0          0          0         68   sys_exit.o
        14          0          0          0          0         76   sys_wrch.o
         2          0          0          0          0         68   use_no_semi.o
        36          4          0          0          0         76   vsprintf.o
        36          0          0          0          0         84   aeabi_vec_ctor_nocookie_nodtor.o
        34          0          0          0          0         84   aeabi_vec_dtor_noexceptions.o
         6          0          0          0          0         68   pure_virt.o
        98          4          0          0          0        140   d2f.o
       688        140          0          0          0        256   ddiv.o
       156          4          0          0          0        140   dnaninf.o
        12          0          0          0          0        116   dretinf.o
        86          4          0          0          0        132   f2d.o
       140          4          0          0          0        132   fnaninf.o
        10          0          0          0          0        116   fpinit.o
        10          0          0          0          0        116   fretinf.o
         4          0          0          0          0        116   printf1.o
         4          0          0          0          0        116   printf2.o
         0          0          0          0          0          0   usenofp.o
        48          0          0          0          0        124   fpclassify.o
         0          0          0          8          0          0   AnalogIn.o
       292         52         16         12          0        620   FileBase.o
        54         10         68          0          0        252   FileLike.o
       154          0          0          0          0        728   FilePath.o
        58          6        108          0          0        704   Serial.o
       470         40        131          0          0       1616   SerialBase.o
       222         16         76          0          0        992   Stream.o
       144          0          0          0          0        512   Timer.o
        84         52          0          0          0        136   mbed_assert.o
       228         98         67          8          0        252   mbed_critical.o
        18          0          0          0          0        128   mbed_error.o
       224         36          0          0          0        412   mbed_gpio.o
       344        110          0          0          0        508   mbed_pinmap_common.o
        84          0          0          0          0        252   mbed_ticker_api.o
        20         10         28          8          0        232   mbed_us_ticker_api.o
        92          4          0          0          0        384   mbed_wait_api_no_rtos.o

    ----------------------------------------------------------------------
     15016       1104       1052         52        280      16884   Library Totals
        48          0          7          0          0          0   (incl. Padding)

    ----------------------------------------------------------------------

      Code (inc. data)   RO Data    RW Data    ZI Data      Debug   Library Name

     11148        514        551         16        280       7416   c_w.l
        76          0          0          0          0        236   cpprt_w.l
      1208        156          0          0          0       1380   fz_wm.l
        48          0          0          0          0        124   m_wm.l
      2488        434        494         36          0       7728   mbed.ar

    ----------------------------------------------------------------------
     15016       1104       1052         52        280      16884   Library Totals

    ----------------------------------------------------------------------

==============================================================================


      Code (inc. data)   RO Data    RW Data    ZI Data      Debug   

     29244       2626       3180        108       1724     198277   Grand Totals
     29244       2626       3180        108       1724     198277   ELF Image Totals
     29244       2626       3180        108          0          0   ROM Totals

==============================================================================

    Total RO  Size (Code + RO Data)                32424 (  31.66kB)
    Total RW  Size (RW Data + ZI Data)              1832 (   1.79kB)
    Total ROM Size (Code + RO Data + RW Data)      32532 (  31.77kB)

==============================================================================

