<html>
<body>
<pre>
<h1>µVision Build Log</h1>
<h2>Tool Versions:</h2>
IDE-Version: µVision V5.23.0.0
Copyright (C) 2017 ARM Ltd and ARM Germany GmbH. All rights reserved.
License Information: Peter Bye Plymouth University Flex license: MDK-ARM Professional: 95 user(s) (mdk_pro) Operation stops: 2 Aug 2018
 
Tool Versions:
Toolchain:       MDK-ARM Professional: 95 user(s)  Version: 5.23
Toolchain Path:  C:\Keil_v5\ARM\ARMCC\Bin
C Compiler:      Armcc.exe V5.06 update 4 (build 422)
Assembler:       Armasm.exe V5.06 update 4 (build 422)
Linker/Locator:  ArmLink.exe V5.06 update 4 (build 422)
Library Manager: ArmAr.exe V5.06 update 4 (build 422)
Hex Converter:   FromElf.exe V5.06 update 4 (build 422)
CPU DLL:         SARMCM3.DLL V5.23
Dialog DLL:      DCM.DLL V1.15.0.0
Target DLL:      STLink\ST-LINKIII-KEIL_SWO.dll V2.0.18.0
Dialog DLL:      TCM.DLL V1.27.0.0
 
<h2>Project:</h2>
C:\Users\Student\Desktop\babyklon\robot movement algorithm\Motor-Nano_1.uvprojx
Project File Date:  02/19/2018

<h2>Output:</h2>
*** Using Compiler 'V5.06 update 4 (build 422)', folder: 'C:\Keil_v5\ARM\ARMCC\Bin'
Build target 'Motor-Nano'
compiling main.cpp...
main.cpp(79): warning:  #1035-D: single-precision operand implicitly converted to double-precision
  			redlight=ldr*3.3f/0.95;      	//Read the Analogue input MBED Normalised 0.0 to 1.0f Multiply by 3.3f to Calibrate to a Voltage read
main.cpp(84): warning:  #1035-D: single-precision operand implicitly converted to double-precision
  			bluelight=ldr*3.3f/1.07;        	//Read the Analogue input MBED Normalised 0.0 to 1.0f Multiply by 3.3f to Calibrate to a Voltage read
main.cpp(89): warning:  #1035-D: single-precision operand implicitly converted to double-precision
  			greenlight=ldr*3.3f/1.26;        	//Read the Analogue input MBED Normalised 0.0 to 1.0f Multiply by 3.3f to Calibrate to a Voltage read
main.cpp(234): warning:  #1-D: last line of file ends without a newline
  }
main.cpp: 4 warnings, 0 errors
linking...
Program Size: Code=29244 RO-data=3180 RW-data=108 ZI-data=1724  
".\build\uvision5\Motor-Nano.axf" - 0 Error(s), 4 Warning(s).

<h2>Collection of Component include folders:</h2>
  .\RTE\_Motor-Nano
  C:\Keil_v5\ARM\PACK\Keil\STM32F4xx_DFP\2.11.0\Drivers\CMSIS\Device\ST\STM32F4xx\Include

<h2>Collection of Component Files used:</h2>
Build Time Elapsed:  00:00:12
</pre>
</body>
</html>
